 main

 Timestamp is 642022ae (Sun Mar 26 18:47:10 2023)

 Preferred load address is 0000000140000000

 Start         Length     Name                   Class
 0001:00000000 00004450H .text$di                CODE
 0001:00004450 00054080H .text$mn                CODE
 0001:000584d0 00001040H .text$mn$00             CODE
 0001:00059510 00001cc8H .text$x                 CODE
 0001:0005b1d8 00001071H .text$yd                CODE
 0002:00000000 00000110H .CRT$XCA                DATA
 0002:00000110 00000110H .CRT$XCAA               DATA
 0002:00000220 00000110H .CRT$XCL                DATA
 0002:00000330 00000110H .CRT$XCZ                DATA
 0002:00000440 00000110H .CRT$XIA                DATA
 0002:00000550 00000110H .CRT$XIAA               DATA
 0002:00000660 00000110H .CRT$XIAC               DATA
 0002:00000770 00000110H .CRT$XIZ                DATA
 0002:00000880 00000008H .CRT$XLA                DATA
 0002:00000888 00000008H .CRT$XLZ                DATA
 0002:00000890 00000110H .CRT$XPA                DATA
 0002:000009a0 00000110H .CRT$XPZ                DATA
 0002:00000ab0 00000110H .CRT$XTA                DATA
 0002:00000bc0 00000110H .CRT$XTZ                DATA
 0002:00000cd0 00024cb0H .rdata                  DATA
 0002:00025980 00000200H .rdata$CastGuardVftablesA DATA
 0002:00025b80 000001a0H .rdata$CastGuardVftablesC DATA
 0002:00025d20 00000130H .rdata$T                DATA
 0002:00025e50 00000bfcH .rdata$r                DATA
 0002:00026a4c 0000015cH .rdata$zzzdbg           DATA
 0002:00026ba8 00000110H .rtc$IAA                DATA
 0002:00026cb8 00000110H .rtc$IZZ                DATA
 0002:00026dc8 00000110H .rtc$TAA                DATA
 0002:00026ed8 00000110H .rtc$TZZ                DATA
 0002:00026fe8 00004990H .xdata                  DATA
 0002:0002b978 00000431H .xdata$x                DATA
 0002:0002bda9 00000000H .edata                  DATA
 0003:00000000 00005788H .data                   DATA
 0003:00005788 000002b8H .data$r                 DATA
 0003:00005a40 000003f0H .data$rs                DATA
 0003:00005e30 00005709H .bss                    DATA
 0004:00000000 0000402cH .pdata                  DATA
 0005:00000000 00001218H .idata$5                DATA
 0005:00001218 00000154H .idata$2                DATA
 0005:0000136c 00000014H .idata$3                DATA
 0005:00001380 00001218H .idata$4                DATA
 0005:00002598 0000285cH .idata$6                DATA
 0006:00000000 00000108H .tls                    DATA
 0006:00000108 00000126H .tls$                   DATA
 0006:0000022e 00000101H .tls$ZZZ                DATA
 0007:00000000 00000175H .00cfg                  DATA

  Address         Publics by Value              Rva+Base               Lib:Object

 0000:00000000       __AbsoluteZero             0000000000000000     <absolute>
 0000:00000000       ___safe_se_handler_count   0000000000000000     <absolute>
 0000:00000000       ___safe_se_handler_table   0000000000000000     <absolute>
 0000:00000000       __arm64x_extra_rfe_table   0000000000000000     <absolute>
 0000:00000000       __arm64x_extra_rfe_table_size 0000000000000000     <absolute>
 0000:00000000       __arm64x_native_entrypoint 0000000000000000     <absolute>
 0000:00000000       __arm64x_redirection_metadata 0000000000000000     <absolute>
 0000:00000000       __arm64x_redirection_metadata_count 0000000000000000     <absolute>
 0000:00000000       __dynamic_value_reloc_table 0000000000000000     <absolute>
 0000:00000000       __enclave_config           0000000000000000     <absolute>
 0000:00000000       __guard_check_icall_a64n_fptr 0000000000000000     <absolute>
 0000:00000000       __guard_eh_cont_count      0000000000000000     <absolute>
 0000:00000000       __guard_eh_cont_table      0000000000000000     <absolute>
 0000:00000000       __guard_fids_count         0000000000000000     <absolute>
 0000:00000000       __guard_fids_table         0000000000000000     <absolute>
 0000:00000000       __guard_iat_count          0000000000000000     <absolute>
 0000:00000000       __guard_iat_table          0000000000000000     <absolute>
 0000:00000000       __guard_longjmp_count      0000000000000000     <absolute>
 0000:00000000       __guard_longjmp_table      0000000000000000     <absolute>
 0000:00000000       __hybrid_auxiliary_iat     0000000000000000     <absolute>
 0000:00000000       __hybrid_auxiliary_iat_copy 0000000000000000     <absolute>
 0000:00000000       __hybrid_code_map          0000000000000000     <absolute>
 0000:00000000       __hybrid_code_map_count    0000000000000000     <absolute>
 0000:00000000       __volatile_metadata        0000000000000000     <absolute>
 0000:00000000       __x64_code_ranges_to_entry_points 0000000000000000     <absolute>
 0000:00000000       __x64_code_ranges_to_entry_points_count 0000000000000000     <absolute>
 0000:00000100       __guard_flags              0000000000000100     <absolute>
 0000:00000000       __ImageBase                0000000140000000     <linker-defined>
 0001:00004450       ??6@YAAEAV?$basic_ostream@DU?$char_traits@D@std@@@std@@AEAV01@U?$vec@$02M$0A@@glm@@@Z 0000000140005450 f   main.obj
 0001:000044c0       ??6@YAAEAV?$basic_ostream@DU?$char_traits@D@std@@@std@@AEAV01@U?$vec@$03M$0A@@glm@@@Z 00000001400054c0 f   main.obj
 0001:00004570       ??6@YAAEAV?$basic_ostream@DU?$char_traits@D@std@@@std@@AEAV01@U?$qua@M$0A@@glm@@@Z 0000000140005570 f   main.obj
 0001:00004620       ??6@YAAEAV?$basic_ostream@DU?$char_traits@D@std@@@std@@AEAV01@AEBU?$mat@$03$03M$0A@@glm@@@Z 0000000140005620 f   main.obj
 0001:000046b0       ?EulerToQuat@@YA?AU?$qua@M$0A@@glm@@MMM@Z 00000001400056b0 f   main.obj
 0001:00004850       ?EulerToQuat@@YA?AU?$qua@M$0A@@glm@@AEBU?$vec@$02M$0A@@2@@Z 0000000140005850 f   main.obj
 0001:000048a0       ?CDAppleResourcesDir@@YAXXZ 00000001400058a0 f   main.obj
 0001:000048b0       ?StringFromFile@@YAXAEBV?$basic_string@DU?$char_traits@D@std@@V?$allocator@D@2@@std@@AEAV12@@Z 00000001400058b0 f   main.obj
 0001:000049a0       ?SplitToVector@@YAXAEBV?$basic_string@DU?$char_traits@D@std@@V?$allocator@D@2@@std@@0AEAV?$vector@V?$basic_string@DU?$char_traits@D@std@@V?$allocator@D@2@@std@@V?$allocator@V?$basic_string@DU?$char_traits@D@std@@V?$allocator@D@2@@std@@@2@@2@@Z 00000001400059a0 f   main.obj
 0001:00004ae0       ?RemoveSpace@@YAXAEAV?$basic_string@DU?$char_traits@D@std@@V?$allocator@D@2@@std@@@Z 0000000140005ae0 f   main.obj
 0001:00004ba0       ?ReadCSV@@YAXAEBV?$basic_string@DU?$char_traits@D@std@@V?$allocator@D@2@@std@@AEAV?$vector@V?$vector@V?$basic_string@DU?$char_traits@D@std@@V?$allocator@D@2@@std@@V?$allocator@V?$basic_string@DU?$char_traits@D@std@@V?$allocator@D@2@@std@@@2@@std@@V?$allocator@V?$vector@V?$basic_string@DU?$char_traits@D@std@@V?$allocator@D@2@@std@@V?$allocator@V?$basic_string@DU?$char_traits@D@std@@V?$allocator@D@2@@std@@@2@@std@@@2@@2@_N@Z 0000000140005ba0 f   main.obj
 0001:00004d10       ?GetCurrentContext@@YAPEAVWindow@@XZ 0000000140005d10 f   main.obj
 0001:00004d30       stbi_load_from_memory      0000000140005d30 f   main.obj
 0001:00004dd0       stbi_load_from_callbacks   0000000140005dd0 f   main.obj
 0001:00004e70       stbi_load                  0000000140005e70 f   main.obj
 0001:00004f20       stbi_load_from_file        0000000140005f20 f   main.obj
 0001:00004ff0       stbi_load_gif_from_memory  0000000140005ff0 f   main.obj
 0001:00005140       stbi_load_16_from_memory   0000000140006140 f   main.obj
 0001:000051e0       stbi_load_16_from_callbacks 00000001400061e0 f   main.obj
 0001:00005280       stbi_load_16               0000000140006280 f   main.obj
 0001:00005330       stbi_load_from_file_16     0000000140006330 f   main.obj
 0001:00005400       stbi_loadf_from_memory     0000000140006400 f   main.obj
 0001:000054a0       stbi_loadf_from_callbacks  00000001400064a0 f   main.obj
 0001:00005540       stbi_loadf                 0000000140006540 f   main.obj
 0001:000055f0       stbi_loadf_from_file       00000001400065f0 f   main.obj
 0001:00005680       stbi_hdr_to_ldr_gamma      0000000140006680 f   main.obj
 0001:000056b0       stbi_hdr_to_ldr_scale      00000001400066b0 f   main.obj
 0001:000056e0       stbi_ldr_to_hdr_gamma      00000001400066e0 f   main.obj
 0001:00005700       stbi_ldr_to_hdr_scale      0000000140006700 f   main.obj
 0001:00005720       stbi_is_hdr_from_callbacks 0000000140006720 f   main.obj
 0001:00005790       stbi_is_hdr_from_memory    0000000140006790 f   main.obj
 0001:00005800       stbi_is_hdr                0000000140006800 f   main.obj
 0001:00005860       stbi_is_hdr_from_file      0000000140006860 f   main.obj
 0001:000058f0       stbi_failure_reason        00000001400068f0 f   main.obj
 0001:00005920       stbi_image_free            0000000140006920 f   main.obj
 0001:00005940       stbi_info_from_memory      0000000140006940 f   main.obj
 0001:000059d0       stbi_info_from_callbacks   00000001400069d0 f   main.obj
 0001:00005a60       stbi_is_16_bit_from_memory 0000000140006a60 f   main.obj
 0001:00005ad0       stbi_is_16_bit_from_callbacks 0000000140006ad0 f   main.obj
 0001:00005b40       stbi_info                  0000000140006b40 f   main.obj
 0001:00005bc0       stbi_info_from_file        0000000140006bc0 f   main.obj
 0001:00005c70       stbi_is_16_bit             0000000140006c70 f   main.obj
 0001:00005cd0       stbi_is_16_bit_from_file   0000000140006cd0 f   main.obj
 0001:00005d60       stbi_set_unpremultiply_on_load 0000000140006d60 f   main.obj
 0001:00005d80       stbi_convert_iphone_png_to_rgb 0000000140006d80 f   main.obj
 0001:00005da0       stbi_set_flip_vertically_on_load 0000000140006da0 f   main.obj
 0001:00005dc0       stbi_set_unpremultiply_on_load_thread 0000000140006dc0 f   main.obj
 0001:00005e10       stbi_convert_iphone_png_to_rgb_thread 0000000140006e10 f   main.obj
 0001:00005e60       stbi_set_flip_vertically_on_load_thread 0000000140006e60 f   main.obj
 0001:00005eb0       stbi_zlib_decode_malloc_guesssize 0000000140006eb0 f   main.obj
 0001:00005fb0       stbi_zlib_decode_malloc_guesssize_headerflag 0000000140006fb0 f   main.obj
 0001:000060c0       stbi_zlib_decode_malloc    00000001400070c0 f   main.obj
 0001:00006100       stbi_zlib_decode_buffer    0000000140007100 f   main.obj
 0001:000061c0       stbi_zlib_decode_noheader_malloc 00000001400071c0 f   main.obj
 0001:000062c0       stbi_zlib_decode_noheader_buffer 00000001400072c0 f   main.obj
 0001:000206a0       ?GLEboData@@YAXAEBV?$vector@IV?$allocator@I@std@@@std@@@Z 00000001400216a0 f   main.obj
 0001:00020700       main                       0000000140021700 f   main.obj
 0001:00027b40       ?<lambda_invoker_cdecl>@<lambda_1>@?1???0Window@@QEAA@HHPEBD@Z@SA@PEAUGLFWwindow@@HH@Z 0000000140028b40 f i main.obj
 0001:00027b80       ?<lambda_invoker_cdecl>@<lambda_2>@?1???0Window@@QEAA@HHPEBD@Z@SA@PEAUGLFWwindow@@HHHH@Z 0000000140028b80 f i main.obj
 0001:00027be0       ?<lambda_invoker_cdecl>@<lambda_3>@?1???0Window@@QEAA@HHPEBD@Z@SA@PEAUGLFWwindow@@HQEAPEBD@Z 0000000140028be0 f i main.obj
 0001:00027c20       ??$?0$$BY06D$0A@@path@filesystem@std@@QEAA@AEAY06$$CBDW4format@012@@Z 0000000140028c20 f i main.obj
 0001:00027c80       ??$?0$$V@?$_Compressed_pair@V?$allocator@D@std@@V?$_String_val@U?$_Simple_types@D@std@@@2@$00@std@@QEAA@U_Zero_then_variadic_args_t@1@@Z 0000000140028c80 f i main.obj
 0001:00027cc0       ??$?0$$V@?$_Compressed_pair@V?$allocator@V?$basic_string@DU?$char_traits@D@std@@V?$allocator@D@2@@std@@@std@@V?$_Vector_val@U?$_Simple_types@V?$basic_string@DU?$char_traits@D@std@@V?$allocator@D@2@@std@@@std@@@2@$00@std@@QEAA@U_Zero_then_variadic_args_t@1@@Z 0000000140028cc0 f i main.obj
 0001:00027d00       ??$?0$$V@?$_Compressed_pair@V?$allocator@_W@std@@V?$_String_val@U?$_Simple_types@_W@std@@@2@$00@std@@QEAA@U_Zero_then_variadic_args_t@1@@Z 0000000140028d00 f i main.obj
 0001:00027d40       ??$?0AEAPEAV_Facet_base@std@@@?$_Compressed_pair@U?$default_delete@V_Facet_base@std@@@std@@PEAV_Facet_base@2@$00@std@@QEAA@U_Zero_then_variadic_args_t@1@AEAPEAV_Facet_base@1@@Z 0000000140028d40 f i main.obj
 0001:00027d70       ??$?0AEBV?$allocator@D@std@@$$V@?$_Compressed_pair@V?$allocator@D@std@@V?$_String_val@U?$_Simple_types@D@std@@@2@$00@std@@QEAA@U_One_then_variadic_args_t@1@AEBV?$allocator@D@1@@Z 0000000140028d70 f i main.obj
 0001:00027db0       ??$?0U?$default_delete@V_Facet_base@std@@@std@@$0A@@?$unique_ptr@V_Facet_base@std@@U?$default_delete@V_Facet_base@std@@@2@@std@@QEAA@PEAV_Facet_base@1@@Z 0000000140028db0 f i main.obj
 0001:00027e00       ??$?0V?$allocator@D@std@@$$V@?$_Compressed_pair@V?$allocator@D@std@@V?$_String_val@U?$_Simple_types@D@std@@@2@$00@std@@QEAA@U_One_then_variadic_args_t@1@$$QEAV?$allocator@D@1@@Z 0000000140028e00 f i main.obj
 0001:00027e40       ??$?0V?$allocator@V?$basic_string@DU?$char_traits@D@std@@V?$allocator@D@2@@std@@@std@@$$V@?$_Compressed_pair@V?$allocator@V?$basic_string@DU?$char_traits@D@std@@V?$allocator@D@2@@std@@@std@@V?$_Vector_val@U?$_Simple_types@V?$basic_string@DU?$char_traits@D@std@@V?$allocator@D@2@@std@@@std@@@2@$00@std@@QEAA@U_One_then_variadic_args_t@1@$$QEAV?$allocator@V?$basic_string@DU?$char_traits@D@std@@V?$allocator@D@2@@std@@@1@@Z 0000000140028e40 f i main.obj
 0001:00027e80       ??$?0V?$allocator@V?$basic_string@DU?$char_traits@D@std@@V?$allocator@D@2@@std@@@std@@PEAV?$basic_string@DU?$char_traits@D@std@@V?$allocator@D@2@@1@PEAV21@PEAV21@@?$_Compressed_pair@V?$allocator@V?$basic_string@DU?$char_traits@D@std@@V?$allocator@D@2@@std@@@std@@V?$_Vector_val@U?$_Simple_types@V?$basic_string@DU?$char_traits@D@std@@V?$allocator@D@2@@std@@@std@@@2@$00@std@@QEAA@U_One_then_variadic_args_t@1@$$QEAV?$allocator@V?$basic_string@DU?$char_traits@D@std@@V?$allocator@D@2@@std@@@1@$$QEAPEAV?$basic_string@DU?$char_traits@D@std@@V?$allocator@D@2@@1@22@Z 0000000140028e80 f i main.obj
 0001:00027ee0       ??$?0V?$allocator@_W@std@@$$V@?$_Compressed_pair@V?$allocator@_W@std@@V?$_String_val@U?$_Simple_types@_W@std@@@2@$00@std@@QEAA@U_One_then_variadic_args_t@1@$$QEAV?$allocator@_W@1@@Z 0000000140028ee0 f i main.obj
 0001:00027f20       ??$?6DU?$char_traits@D@std@@@filesystem@std@@YAAEAV?$basic_ostream@DU?$char_traits@D@std@@@1@AEAV21@AEBVpath@01@@Z 0000000140028f20 f i main.obj
 0001:00027ff0       ??$?6U?$char_traits@D@std@@@std@@YAAEAV?$basic_ostream@DU?$char_traits@D@std@@@0@AEAV10@D@Z 0000000140028ff0 f i main.obj
 0001:000284c0       ??$?6U?$char_traits@D@std@@@std@@YAAEAV?$basic_ostream@DU?$char_traits@D@std@@@0@AEAV10@PEBD@Z 00000001400294c0 f i main.obj
 0001:000289d0       ??$?6U?$char_traits@D@std@@U01@@std@@YAAEAV?$basic_ostream@DU?$char_traits@D@std@@@0@AEAV10@AEBU?$_Quote_out@DU?$char_traits@D@std@@_K@0@@Z 00000001400299d0 f i main.obj
 0001:00029310       ??$?GM$0A@@glm@@YA?AU?$vec@$01M$0A@@0@AEBU10@0@Z 000000014002a310 f i main.obj
 0001:00029380       ??$?YV?$basic_string_view@DU?$char_traits@D@std@@@std@@$0A@@?$basic_string@DU?$char_traits@D@std@@V?$allocator@D@2@@std@@QEAAAEAV01@AEBV?$basic_string_view@DU?$char_traits@D@std@@@1@@Z 000000014002a380 f i main.obj
 0001:000293b0       ??$_Adl_verify_range@PEADPEAD@std@@YAXAEBQEAD0@Z 000000014002a3b0 f i main.obj
 0001:000293c0       ??$_Adl_verify_range@V?$_String_const_iterator@V?$_String_val@U?$_Simple_types@D@std@@@std@@@std@@V12@@std@@YAXAEBV?$_String_const_iterator@V?$_String_val@U?$_Simple_types@D@std@@@std@@@0@0@Z 000000014002a3c0 f i main.obj
 0001:000293d0       ??$_Adl_verify_range@V?$_String_iterator@V?$_String_val@U?$_Simple_types@D@std@@@std@@@std@@V12@@std@@YAXAEBV?$_String_iterator@V?$_String_val@U?$_Simple_types@D@std@@@std@@@0@0@Z 000000014002a3d0 f i main.obj
 0001:000293e0       ??$_Allocate@$0BA@U_Default_allocate_traits@std@@$0A@@std@@YAPEAX_K@Z 000000014002a3e0 f i main.obj
 0001:00029440       ??$_Allocate_manually_vector_aligned@U_Default_allocate_traits@std@@@std@@YAPEAX_K@Z 000000014002a440 f i main.obj
 0001:000294f0       ??$_Bit_cast@_KT_Addr_storage@error_category@std@@$0A@@std@@YA_KAEBT_Addr_storage@error_category@0@@Z 000000014002a4f0 f i main.obj
 0001:00029520       ??$_Construct@$00PEBD@?$basic_string@DU?$char_traits@D@std@@V?$allocator@D@2@@std@@AEAAXQEBD_K@Z 000000014002a520 f i main.obj
 0001:00029770       ??$_Construct@$01PEBD@?$basic_string@DU?$char_traits@D@std@@V?$allocator@D@2@@std@@AEAAXQEBD_K@Z 000000014002a770 f i main.obj
 0001:00029970       ??$_Construct@$01PEB_W@?$basic_string@_WU?$char_traits@_W@std@@V?$allocator@_W@2@@std@@AEAAXQEB_W_K@Z 000000014002a970 f i main.obj
 0001:00029b70       ??$_Construct_in_place@PEADAEAPEAD@std@@YAXAEAPEAD0@Z 000000014002ab70 f i main.obj
 0001:00029c00       ??$_Construct_in_place@PEADAEBQEAD@std@@YAXAEAPEADAEBQEAD@Z 000000014002ac00 f i main.obj
 0001:00029c90       ??$_Construct_in_place@PEA_WAEBQEA_W@std@@YAXAEAPEA_WAEBQEA_W@Z 000000014002ac90 f i main.obj
 0001:00029d20       ??$_Construct_in_place@V?$basic_string@DU?$char_traits@D@std@@V?$allocator@D@2@@std@@V12@@std@@YAXAEAV?$basic_string@DU?$char_traits@D@std@@V?$allocator@D@2@@0@$$QEAV10@@Z 000000014002ad20 f i main.obj
 0001:00029db0       ??$_Construct_n@AEBQEAV?$basic_string@DU?$char_traits@D@std@@V?$allocator@D@2@@std@@AEBQEAV12@@?$vector@V?$basic_string@DU?$char_traits@D@std@@V?$allocator@D@2@@std@@V?$allocator@V?$basic_string@DU?$char_traits@D@std@@V?$allocator@D@2@@std@@@2@@std@@AEAAX_KAEBQEAV?$basic_string@DU?$char_traits@D@std@@V?$allocator@D@2@@1@1@Z 000000014002adb0 f i main.obj
 0001:00029ea0       ??$_Convert_Source_to_wide@$$BY06DU_Normal_conversion@filesystem@std@@@filesystem@std@@YA?AV?$basic_string@_WU?$char_traits@_W@std@@V?$allocator@_W@2@@1@AEAY06$$CBDU_Normal_conversion@01@@Z 000000014002aea0 f i main.obj
 0001:00029f30       ??$_Convert_size@_K_K@std@@YA_K_K@Z 000000014002af30 f i main.obj
 0001:00029f40       ??$_Convert_stringoid_to_wide@U_Normal_conversion@filesystem@std@@@filesystem@std@@YA?AV?$basic_string@_WU?$char_traits@_W@std@@V?$allocator@_W@2@@1@V?$basic_string_view@DU?$char_traits@D@std@@@1@U_Normal_conversion@01@@Z 000000014002af40 f i main.obj
 0001:00029fe0       ??$_Convert_wide_to@U?$char_traits@D@std@@V?$allocator@D@2@D@filesystem@std@@YA?AV?$basic_string@DU?$char_traits@D@std@@V?$allocator@D@2@@1@V?$basic_string_view@_WU?$char_traits@_W@std@@@1@AEBV?$allocator@D@1@@Z 000000014002afe0 f i main.obj
 0001:0002a090       ??$_Convert_wide_to_narrow@U?$char_traits@D@std@@V?$allocator@D@2@@std@@YA?AV?$basic_string@DU?$char_traits@D@std@@V?$allocator@D@2@@0@W4__std_code_page@@V?$basic_string_view@_WU?$char_traits@_W@std@@@0@AEBV?$allocator@D@0@@Z 000000014002b090 f i main.obj
 0001:0002a250       ??$_Convert_wide_to_narrow_replace_chars@U?$char_traits@D@std@@V?$allocator@D@2@@filesystem@std@@YA?AV?$basic_string@DU?$char_traits@D@std@@V?$allocator@D@2@@1@W4__std_code_page@@V?$basic_string_view@_WU?$char_traits@_W@std@@@1@AEBV?$allocator@D@1@@Z 000000014002b250 f i main.obj
 0001:0002a410       ??$_Deallocate@$0BA@$0A@@std@@YAXPEAX_K@Z 000000014002b410 f i main.obj
 0001:0002a480       ??$_Destroy_in_place@PEAD@std@@YAXAEAPEAD@Z 000000014002b480 f i main.obj
 0001:0002a490       ??$_Destroy_in_place@PEA_W@std@@YAXAEAPEA_W@Z 000000014002b490 f i main.obj
 0001:0002a4a0       ??$_Destroy_range@V?$allocator@V?$basic_string@DU?$char_traits@D@std@@V?$allocator@D@2@@std@@@std@@@std@@YAXPEAV?$basic_string@DU?$char_traits@D@std@@V?$allocator@D@2@@0@QEAV10@AEAV?$allocator@V?$basic_string@DU?$char_traits@D@std@@V?$allocator@D@2@@std@@@0@@Z 000000014002b4a0 f i main.obj
 0001:0002a500       ??$_Destroy_range@V?$allocator@V?$vector@V?$basic_string@DU?$char_traits@D@std@@V?$allocator@D@2@@std@@V?$allocator@V?$basic_string@DU?$char_traits@D@std@@V?$allocator@D@2@@std@@@2@@std@@@std@@@std@@YAXPEAV?$vector@V?$basic_string@DU?$char_traits@D@std@@V?$allocator@D@2@@std@@V?$allocator@V?$basic_string@DU?$char_traits@D@std@@V?$allocator@D@2@@std@@@2@@0@QEAV10@AEAV?$allocator@V?$vector@V?$basic_string@DU?$char_traits@D@std@@V?$allocator@D@2@@std@@V?$allocator@V?$basic_string@DU?$char_traits@D@std@@V?$allocator@D@2@@std@@@2@@std@@@0@@Z 000000014002b500 f i main.obj
 0001:0002a560       ??$_Emplace_back@AEAV?$basic_string@DU?$char_traits@D@std@@V?$allocator@D@2@@std@@@?$_Uninitialized_backout_al@V?$allocator@V?$basic_string@DU?$char_traits@D@std@@V?$allocator@D@2@@std@@@std@@@std@@QEAAXAEAV?$basic_string@DU?$char_traits@D@std@@V?$allocator@D@2@@1@@Z 000000014002b560 f i main.obj
 0001:0002a5e0       ??$_Emplace_back@V?$basic_string@DU?$char_traits@D@std@@V?$allocator@D@2@@std@@@?$_Uninitialized_backout_al@V?$allocator@V?$basic_string@DU?$char_traits@D@std@@V?$allocator@D@2@@std@@@std@@@std@@QEAAX$$QEAV?$basic_string@DU?$char_traits@D@std@@V?$allocator@D@2@@1@@Z 000000014002b5e0 f i main.obj
 0001:0002a660       ??$_Emplace_back@V?$vector@V?$basic_string@DU?$char_traits@D@std@@V?$allocator@D@2@@std@@V?$allocator@V?$basic_string@DU?$char_traits@D@std@@V?$allocator@D@2@@std@@@2@@std@@@?$_Uninitialized_backout_al@V?$allocator@V?$vector@V?$basic_string@DU?$char_traits@D@std@@V?$allocator@D@2@@std@@V?$allocator@V?$basic_string@DU?$char_traits@D@std@@V?$allocator@D@2@@std@@@2@@std@@@std@@@std@@QEAAX$$QEAV?$vector@V?$basic_string@DU?$char_traits@D@std@@V?$allocator@D@2@@std@@V?$allocator@V?$basic_string@DU?$char_traits@D@std@@V?$allocator@D@2@@std@@@2@@1@@Z 000000014002b660 f i main.obj
 0001:0002a6e0       ??$_Emplace_back_with_unused_capacity@AEBV?$basic_string@DU?$char_traits@D@std@@V?$allocator@D@2@@std@@@?$vector@V?$basic_string@DU?$char_traits@D@std@@V?$allocator@D@2@@std@@V?$allocator@V?$basic_string@DU?$char_traits@D@std@@V?$allocator@D@2@@std@@@2@@std@@AEAAAEAV?$basic_string@DU?$char_traits@D@std@@V?$allocator@D@2@@1@AEBV21@@Z 000000014002b6e0 f i main.obj
 0001:0002a7b0       ??$_Emplace_back_with_unused_capacity@AEBV?$vector@V?$basic_string@DU?$char_traits@D@std@@V?$allocator@D@2@@std@@V?$allocator@V?$basic_string@DU?$char_traits@D@std@@V?$allocator@D@2@@std@@@2@@std@@@?$vector@V?$vector@V?$basic_string@DU?$char_traits@D@std@@V?$allocator@D@2@@std@@V?$allocator@V?$basic_string@DU?$char_traits@D@std@@V?$allocator@D@2@@std@@@2@@std@@V?$allocator@V?$vector@V?$basic_string@DU?$char_traits@D@std@@V?$allocator@D@2@@std@@V?$allocator@V?$basic_string@DU?$char_traits@D@std@@V?$allocator@D@2@@std@@@2@@std@@@2@@std@@AEAAAEAV?$vector@V?$basic_string@DU?$char_traits@D@std@@V?$allocator@D@2@@std@@V?$allocator@V?$basic_string@DU?$char_traits@D@std@@V?$allocator@D@2@@std@@@2@@1@AEBV21@@Z 000000014002b7b0 f i main.obj
 0001:0002a880       ??$_Emplace_back_with_unused_capacity@V?$basic_string@DU?$char_traits@D@std@@V?$allocator@D@2@@std@@@?$vector@V?$basic_string@DU?$char_traits@D@std@@V?$allocator@D@2@@std@@V?$allocator@V?$basic_string@DU?$char_traits@D@std@@V?$allocator@D@2@@std@@@2@@std@@AEAAAEAV?$basic_string@DU?$char_traits@D@std@@V?$allocator@D@2@@1@$$QEAV21@@Z 000000014002b880 f i main.obj
 0001:0002a920       ??$_Emplace_one_at_back@AEBV?$basic_string@DU?$char_traits@D@std@@V?$allocator@D@2@@std@@@?$vector@V?$basic_string@DU?$char_traits@D@std@@V?$allocator@D@2@@std@@V?$allocator@V?$basic_string@DU?$char_traits@D@std@@V?$allocator@D@2@@std@@@2@@std@@AEAAAEAV?$basic_string@DU?$char_traits@D@std@@V?$allocator@D@2@@1@AEBV21@@Z 000000014002b920 f i main.obj
 0001:0002a9a0       ??$_Emplace_one_at_back@AEBV?$vector@V?$basic_string@DU?$char_traits@D@std@@V?$allocator@D@2@@std@@V?$allocator@V?$basic_string@DU?$char_traits@D@std@@V?$allocator@D@2@@std@@@2@@std@@@?$vector@V?$vector@V?$basic_string@DU?$char_traits@D@std@@V?$allocator@D@2@@std@@V?$allocator@V?$basic_string@DU?$char_traits@D@std@@V?$allocator@D@2@@std@@@2@@std@@V?$allocator@V?$vector@V?$basic_string@DU?$char_traits@D@std@@V?$allocator@D@2@@std@@V?$allocator@V?$basic_string@DU?$char_traits@D@std@@V?$allocator@D@2@@std@@@2@@std@@@2@@std@@AEAAAEAV?$vector@V?$basic_string@DU?$char_traits@D@std@@V?$allocator@D@2@@std@@V?$allocator@V?$basic_string@DU?$char_traits@D@std@@V?$allocator@D@2@@std@@@2@@1@AEBV21@@Z 000000014002b9a0 f i main.obj
 0001:0002aa20       ??$_Emplace_one_at_back@V?$basic_string@DU?$char_traits@D@std@@V?$allocator@D@2@@std@@@?$vector@V?$basic_string@DU?$char_traits@D@std@@V?$allocator@D@2@@std@@V?$allocator@V?$basic_string@DU?$char_traits@D@std@@V?$allocator@D@2@@std@@@2@@std@@AEAAAEAV?$basic_string@DU?$char_traits@D@std@@V?$allocator@D@2@@1@$$QEAV21@@Z 000000014002ba20 f i main.obj
 0001:0002aaa0       ??$_Emplace_reallocate@AEBV?$basic_string@DU?$char_traits@D@std@@V?$allocator@D@2@@std@@@?$vector@V?$basic_string@DU?$char_traits@D@std@@V?$allocator@D@2@@std@@V?$allocator@V?$basic_string@DU?$char_traits@D@std@@V?$allocator@D@2@@std@@@2@@std@@AEAAPEAV?$basic_string@DU?$char_traits@D@std@@V?$allocator@D@2@@1@QEAV21@AEBV21@@Z 000000014002baa0 f i main.obj
 0001:0002ad20       ??$_Emplace_reallocate@AEBV?$vector@V?$basic_string@DU?$char_traits@D@std@@V?$allocator@D@2@@std@@V?$allocator@V?$basic_string@DU?$char_traits@D@std@@V?$allocator@D@2@@std@@@2@@std@@@?$vector@V?$vector@V?$basic_string@DU?$char_traits@D@std@@V?$allocator@D@2@@std@@V?$allocator@V?$basic_string@DU?$char_traits@D@std@@V?$allocator@D@2@@std@@@2@@std@@V?$allocator@V?$vector@V?$basic_string@DU?$char_traits@D@std@@V?$allocator@D@2@@std@@V?$allocator@V?$basic_string@DU?$char_traits@D@std@@V?$allocator@D@2@@std@@@2@@std@@@2@@std@@AEAAPEAV?$vector@V?$basic_string@DU?$char_traits@D@std@@V?$allocator@D@2@@std@@V?$allocator@V?$basic_string@DU?$char_traits@D@std@@V?$allocator@D@2@@std@@@2@@1@QEAV21@AEBV21@@Z 000000014002bd20 f i main.obj
 0001:0002afb0       ??$_Emplace_reallocate@V?$basic_string@DU?$char_traits@D@std@@V?$allocator@D@2@@std@@@?$vector@V?$basic_string@DU?$char_traits@D@std@@V?$allocator@D@2@@std@@V?$allocator@V?$basic_string@DU?$char_traits@D@std@@V?$allocator@D@2@@std@@@2@@std@@AEAAPEAV?$basic_string@DU?$char_traits@D@std@@V?$allocator@D@2@@1@QEAV21@$$QEAV21@@Z 000000014002bfb0 f i main.obj
 0001:0002b230       ??$_Fgetc@D@std@@YA_NAEADPEAU_iobuf@@@Z 000000014002c230 f i main.obj
 0001:0002b280       ??$_Fputc@D@std@@YA_NDPEAU_iobuf@@@Z 000000014002c280 f i main.obj
 0001:0002b2d0       ??$_Get_size_of_n@$00@std@@YA_K_K@Z 000000014002c2d0 f i main.obj
 0001:0002b2f0       ??$_Get_size_of_n@$01@std@@YA_K_K@Z 000000014002c2f0 f i main.obj
 0001:0002b340       ??$_Get_size_of_n@$0BI@@std@@YA_K_K@Z 000000014002c340 f i main.obj
 0001:0002b390       ??$_Get_size_of_n@$0CA@@std@@YA_K_K@Z 000000014002c390 f i main.obj
 0001:0002b3e0       ??$_Get_unwrapped@AEAPEAD@std@@YA?A_TAEAPEAD@Z 000000014002c3e0 f i main.obj
 0001:0002b400       ??$_Get_unwrapped@AEAV?$_String_iterator@V?$_String_val@U?$_Simple_types@D@std@@@std@@@std@@@std@@YA?A_TAEAV?$_String_iterator@V?$_String_val@U?$_Simple_types@D@std@@@std@@@0@@Z 000000014002c400 f i main.obj
 0001:0002b420       ??$_Get_unwrapped@AEBQEAD@std@@YA?A_TAEBQEAD@Z 000000014002c420 f i main.obj
 0001:0002b440       ??$_Get_unwrapped@AEBQEAV?$basic_string@DU?$char_traits@D@std@@V?$allocator@D@2@@std@@@std@@YA?A_TAEBQEAV?$basic_string@DU?$char_traits@D@std@@V?$allocator@D@2@@0@@Z 000000014002c440 f i main.obj
 0001:0002b460       ??$_Get_unwrapped@AEBQEAV?$vector@V?$basic_string@DU?$char_traits@D@std@@V?$allocator@D@2@@std@@V?$allocator@V?$basic_string@DU?$char_traits@D@std@@V?$allocator@D@2@@std@@@2@@std@@@std@@YA?A_TAEBQEAV?$vector@V?$basic_string@DU?$char_traits@D@std@@V?$allocator@D@2@@std@@V?$allocator@V?$basic_string@DU?$char_traits@D@std@@V?$allocator@D@2@@std@@@2@@0@@Z 000000014002c460 f i main.obj
 0001:0002b480       ??$_Get_unwrapped@AEBV?$_String_iterator@V?$_String_val@U?$_Simple_types@D@std@@@std@@@std@@@std@@YA?A_TAEBV?$_String_iterator@V?$_String_val@U?$_Simple_types@D@std@@@std@@@0@@Z 000000014002c480 f i main.obj
 0001:0002b4a0       ??$_Get_unwrapped_unverified@AEAY06$$CBD@std@@YA?A_TAEAY06$$CBD@Z 000000014002c4a0 f i main.obj
 0001:0002b4b0       ??$_Getvals@_W@?$time_get@DV?$istreambuf_iterator@DU?$char_traits@D@std@@@std@@@std@@IEAAX_WAEBV_Locinfo@1@@Z 000000014002c4b0 f i main.obj
 0001:0002b680       ??$_Getvals@_W@?$time_get@_WV?$istreambuf_iterator@_WU?$char_traits@_W@std@@@std@@@std@@IEAAX_WAEBV_Locinfo@1@@Z 000000014002c680 f i main.obj
 0001:0002b850       ??$_Immortalize_memcpy_image@V_Generic_error_category@std@@@std@@YAAEBV_Generic_error_category@0@XZ 000000014002c850 f i main.obj
 0001:0002b860       ??$_Immortalize_memcpy_image@V_System_error_category@std@@@std@@YAAEBV_System_error_category@0@XZ 000000014002c860 f i main.obj
 0001:0002b870       ??$_Maklocstr@D@std@@YAPEADPEBDPEADAEBU_Cvtvec@@@Z 000000014002c870 f i main.obj
 0001:0002b940       ??$_Maklocstr@_W@std@@YAPEA_WPEBDPEA_WAEBU_Cvtvec@@@Z 000000014002c940 f i main.obj
 0001:0002bb80       ??$_Pass_fn@P6AHH@Z$0A@@std@@YAP6AHH@ZP6AHH@Z@Z 000000014002cb80 f i main.obj
 0001:0002bb90       ??$_Reallocate_grow_by@V<lambda_1>@?1??append@?$basic_string@DU?$char_traits@D@std@@V?$allocator@D@2@@std@@QEAAAEAV34@QEBD_K@Z@PEBD_K@?$basic_string@DU?$char_traits@D@std@@V?$allocator@D@2@@std@@AEAAAEAV01@_KV<lambda_1>@?1??append@01@QEAAAEAV01@QEBD0@Z@PEBD_K@Z 000000014002cb90 f i main.obj
 0001:0002be20       ??$_Reallocate_grow_by@V<lambda_1>@?1??append@?$basic_string@DU?$char_traits@D@std@@V?$allocator@D@2@@std@@QEAAAEAV34@_KD@Z@_KD@?$basic_string@DU?$char_traits@D@std@@V?$allocator@D@2@@std@@AEAAAEAV01@_KV<lambda_1>@?1??append@01@QEAAAEAV01@0D@Z@_KD@Z 000000014002ce20 f i main.obj
 0001:0002c0a0       ??$_Reallocate_grow_by@V<lambda_1>@?1??append@?$basic_string@_WU?$char_traits@_W@std@@V?$allocator@_W@2@@std@@QEAAAEAV34@_K_W@Z@_K_W@?$basic_string@_WU?$char_traits@_W@std@@V?$allocator@_W@2@@std@@AEAAAEAV01@_KV<lambda_1>@?1??append@01@QEAAAEAV01@0_W@Z@_K_W@Z 000000014002d0a0 f i main.obj
 0001:0002c330       ??$_Reallocate_grow_by@V<lambda_1>@?1??push_back@?$basic_string@DU?$char_traits@D@std@@V?$allocator@D@2@@std@@QEAAXD@Z@D@?$basic_string@DU?$char_traits@D@std@@V?$allocator@D@2@@std@@AEAAAEAV01@_KV<lambda_1>@?1??push_back@01@QEAAXD@Z@D@Z 000000014002d330 f i main.obj
 0001:0002c590       ??$_Reallocate_grow_by@V<lambda_1>@?1??reserve@?$basic_string@DU?$char_traits@D@std@@V?$allocator@D@2@@std@@QEAAX_K@Z@$$V@?$basic_string@DU?$char_traits@D@std@@V?$allocator@D@2@@std@@AEAAAEAV01@_KV<lambda_1>@?1??reserve@01@QEAAX0@Z@@Z 000000014002d590 f i main.obj
 0001:0002c7d0       ??$_Refancy@PEAD$0A@@std@@YAPEADPEAD@Z 000000014002d7d0 f i main.obj
 0001:0002c7e0       ??$_Refancy@PEBD$0A@@std@@YAPEBDPEBD@Z 000000014002d7e0 f i main.obj
 0001:0002c7f0       ??$_Seek_wrapped@PEADAEAPEAD@std@@YAXAEAPEAD0@Z 000000014002d7f0 f i main.obj
 0001:0002c820       ??$_Seek_wrapped@V?$_String_iterator@V?$_String_val@U?$_Simple_types@D@std@@@std@@@std@@AEAPEAD@std@@YAXAEAV?$_String_iterator@V?$_String_val@U?$_Simple_types@D@std@@@std@@@0@AEAPEAD@Z 000000014002d820 f i main.obj
 0001:0002c850       ??$_Stringoid_from_Source@$$BY06D@filesystem@std@@YA?A_PAEAY06$$CBD@Z 000000014002d850 f i main.obj
 0001:0002c890       ??$_Traits_find@U?$char_traits@D@std@@@std@@YA_KQEBD_K101@Z 000000014002d890 f i main.obj
 0001:0002c9e0       ??$_Unfancy@$$CBD@std@@YAPEBDPEBD@Z 000000014002d9e0 f i main.obj
 0001:0002c9f0       ??$_Unfancy@D@std@@YAPEADPEAD@Z 000000014002d9f0 f i main.obj
 0001:0002ca00       ??$_Unfancy@V?$basic_string@DU?$char_traits@D@std@@V?$allocator@D@2@@std@@@std@@YAPEAV?$basic_string@DU?$char_traits@D@std@@V?$allocator@D@2@@0@PEAV10@@Z 000000014002da00 f i main.obj
 0001:0002ca10       ??$_Unfancy@V?$vector@V?$basic_string@DU?$char_traits@D@std@@V?$allocator@D@2@@std@@V?$allocator@V?$basic_string@DU?$char_traits@D@std@@V?$allocator@D@2@@std@@@2@@std@@@std@@YAPEAV?$vector@V?$basic_string@DU?$char_traits@D@std@@V?$allocator@D@2@@std@@V?$allocator@V?$basic_string@DU?$char_traits@D@std@@V?$allocator@D@2@@std@@@2@@0@PEAV10@@Z 000000014002da10 f i main.obj
 0001:0002ca20       ??$_Unfancy@_W@std@@YAPEA_WPEA_W@Z 000000014002da20 f i main.obj
 0001:0002ca30       ??$_Ungetc@D@std@@YA_NAEBDPEAU_iobuf@@@Z 000000014002da30 f i main.obj
 0001:0002ca90       ??$_Uninitialized_copy@PEAV?$basic_string@DU?$char_traits@D@std@@V?$allocator@D@2@@std@@PEAV12@V?$allocator@V?$basic_string@DU?$char_traits@D@std@@V?$allocator@D@2@@std@@@2@@std@@YAPEAV?$basic_string@DU?$char_traits@D@std@@V?$allocator@D@2@@0@PEAV10@00AEAV?$allocator@V?$basic_string@DU?$char_traits@D@std@@V?$allocator@D@2@@std@@@0@@Z 000000014002da90 f i main.obj
 0001:0002cb60       ??$_Uninitialized_move@PEAV?$basic_string@DU?$char_traits@D@std@@V?$allocator@D@2@@std@@V?$allocator@V?$basic_string@DU?$char_traits@D@std@@V?$allocator@D@2@@std@@@2@@std@@YAPEAV?$basic_string@DU?$char_traits@D@std@@V?$allocator@D@2@@0@QEAV10@0PEAV10@AEAV?$allocator@V?$basic_string@DU?$char_traits@D@std@@V?$allocator@D@2@@std@@@0@@Z 000000014002db60 f i main.obj
 0001:0002cc30       ??$_Uninitialized_move@PEAV?$vector@V?$basic_string@DU?$char_traits@D@std@@V?$allocator@D@2@@std@@V?$allocator@V?$basic_string@DU?$char_traits@D@std@@V?$allocator@D@2@@std@@@2@@std@@V?$allocator@V?$vector@V?$basic_string@DU?$char_traits@D@std@@V?$allocator@D@2@@std@@V?$allocator@V?$basic_string@DU?$char_traits@D@std@@V?$allocator@D@2@@std@@@2@@std@@@2@@std@@YAPEAV?$vector@V?$basic_string@DU?$char_traits@D@std@@V?$allocator@D@2@@std@@V?$allocator@V?$basic_string@DU?$char_traits@D@std@@V?$allocator@D@2@@std@@@2@@0@QEAV10@0PEAV10@AEAV?$allocator@V?$vector@V?$basic_string@DU?$char_traits@D@std@@V?$allocator@D@2@@std@@V?$allocator@V?$basic_string@DU?$char_traits@D@std@@V?$allocator@D@2@@std@@@2@@std@@@0@@Z 000000014002dc30 f i main.obj
 0001:0002cd00       ??$_Unwrap_iter@PEAV?$basic_string@DU?$char_traits@D@std@@V?$allocator@D@2@@std@@PEAV12@@ranges@std@@YA?A_T$$QEAPEAV?$basic_string@DU?$char_traits@D@std@@V?$allocator@D@2@@1@@Z 000000014002dd00 f i main.obj
 0001:0002cd20       ??$_Unwrap_sent@PEAV?$basic_string@DU?$char_traits@D@std@@V?$allocator@D@2@@std@@PEAV12@@ranges@std@@YA?A_T$$QEAPEAV?$basic_string@DU?$char_traits@D@std@@V?$allocator@D@2@@1@@Z 000000014002dd20 f i main.obj
 0001:0002cd40       ??$_Voidify_iter@PEAD@std@@YAPEAXPEAD@Z 000000014002dd40 f i main.obj
 0001:0002cd50       ??$_Voidify_iter@PEAPEAD@std@@YAPEAXPEAPEAD@Z 000000014002dd50 f i main.obj
 0001:0002cd60       ??$_Voidify_iter@PEAPEA_W@std@@YAPEAXPEAPEA_W@Z 000000014002dd60 f i main.obj
 0001:0002cd70       ??$_Voidify_iter@PEAV?$basic_string@DU?$char_traits@D@std@@V?$allocator@D@2@@std@@@std@@YAPEAXPEAV?$basic_string@DU?$char_traits@D@std@@V?$allocator@D@2@@0@@Z 000000014002dd70 f i main.obj
 0001:0002cd80       ??$_Voidify_iter@PEAV?$vector@V?$basic_string@DU?$char_traits@D@std@@V?$allocator@D@2@@std@@V?$allocator@V?$basic_string@DU?$char_traits@D@std@@V?$allocator@D@2@@std@@@2@@std@@@std@@YAPEAXPEAV?$vector@V?$basic_string@DU?$char_traits@D@std@@V?$allocator@D@2@@std@@V?$allocator@V?$basic_string@DU?$char_traits@D@std@@V?$allocator@D@2@@std@@@2@@0@@Z 000000014002dd80 f i main.obj
 0001:0002cd90       ??$_Voidify_iter@PEA_W@std@@YAPEAXPEA_W@Z 000000014002dd90 f i main.obj
 0001:0002cda0       ??$abs@$01M$0A@@glm@@YA?AU?$vec@$01M$0A@@0@AEBU10@@Z 000000014002dda0 f i main.obj
 0001:0002cdd0       ??$abs@M@glm@@YAMM@Z       000000014002ddd0 f i main.obj
 0001:0002cdf0       ??$addressof@$$CBV?$_String_val@U?$_Simple_types@D@std@@@std@@@std@@YAPEBV?$_String_val@U?$_Simple_types@D@std@@@0@AEBV10@@Z 000000014002ddf0 f i main.obj
 0001:0002ce00       ??$addressof@$$CBV?$codecvt@DDU_Mbstatet@@@std@@@std@@YAPEBV?$codecvt@DDU_Mbstatet@@@0@AEBV10@@Z 000000014002de00 f i main.obj
 0001:0002ce10       ??$addressof@D@std@@YAPEADAEAD@Z 000000014002de10 f i main.obj
 0001:0002ce20       ??$addressof@PEAD@std@@YAPEAPEADAEAPEAD@Z 000000014002de20 f i main.obj
 0001:0002ce30       ??$addressof@PEA_W@std@@YAPEAPEA_WAEAPEA_W@Z 000000014002de30 f i main.obj
 0001:0002ce40       ??$addressof@V?$_String_val@U?$_Simple_types@D@std@@@std@@@std@@YAPEAV?$_String_val@U?$_Simple_types@D@std@@@0@AEAV10@@Z 000000014002de40 f i main.obj
 0001:0002ce50       ??$addressof@V?$basic_filebuf@DU?$char_traits@D@std@@@std@@@std@@YAPEAV?$basic_filebuf@DU?$char_traits@D@std@@@0@AEAV10@@Z 000000014002de50 f i main.obj
 0001:0002ce60       ??$addressof@V?$basic_string@DU?$char_traits@D@std@@V?$allocator@D@2@@std@@@std@@YAPEAV?$basic_string@DU?$char_traits@D@std@@V?$allocator@D@2@@0@AEAV10@@Z 000000014002de60 f i main.obj
 0001:0002ce70       ??$addressof@_W@std@@YAPEA_WAEA_W@Z 000000014002de70 f i main.obj
 0001:0002ce80       ??$all@$01$0A@@glm@@YA_NAEBU?$vec@$01_N$0A@@0@@Z 000000014002de80 f i main.obj
 0001:0002cf10       ??$append@V?$basic_string_view@DU?$char_traits@D@std@@@std@@$0A@@?$basic_string@DU?$char_traits@D@std@@V?$allocator@D@2@@std@@QEAAAEAV01@AEBV?$basic_string_view@DU?$char_traits@D@std@@@1@@Z 000000014002df10 f i main.obj
 0001:0002cf90       ??$atan@M@glm@@YAMMM@Z     000000014002df90 f i main.obj
 0001:0002cfc0       ??$clamp@M@glm@@YAMMMM@Z   000000014002dfc0 f i main.obj
 0001:0002d010       ??$construct@V?$basic_string@DU?$char_traits@D@std@@V?$allocator@D@2@@std@@AEAV12@@?$_Default_allocator_traits@V?$allocator@V?$basic_string@DU?$char_traits@D@std@@V?$allocator@D@2@@std@@@std@@@std@@SAXAEAV?$allocator@V?$basic_string@DU?$char_traits@D@std@@V?$allocator@D@2@@std@@@1@QEAV?$basic_string@DU?$char_traits@D@std@@V?$allocator@D@2@@1@AEAV31@@Z 000000014002e010 f i main.obj
 0001:0002d090       ??$construct@V?$basic_string@DU?$char_traits@D@std@@V?$allocator@D@2@@std@@AEBV12@@?$_Default_allocator_traits@V?$allocator@V?$basic_string@DU?$char_traits@D@std@@V?$allocator@D@2@@std@@@std@@@std@@SAXAEAV?$allocator@V?$basic_string@DU?$char_traits@D@std@@V?$allocator@D@2@@std@@@1@QEAV?$basic_string@DU?$char_traits@D@std@@V?$allocator@D@2@@1@AEBV31@@Z 000000014002e090 f i main.obj
 0001:0002d110       ??$construct@V?$basic_string@DU?$char_traits@D@std@@V?$allocator@D@2@@std@@V12@@?$_Default_allocator_traits@V?$allocator@V?$basic_string@DU?$char_traits@D@std@@V?$allocator@D@2@@std@@@std@@@std@@SAXAEAV?$allocator@V?$basic_string@DU?$char_traits@D@std@@V?$allocator@D@2@@std@@@1@QEAV?$basic_string@DU?$char_traits@D@std@@V?$allocator@D@2@@1@$$QEAV31@@Z 000000014002e110 f i main.obj
 0001:0002d190       ??$construct@V?$vector@V?$basic_string@DU?$char_traits@D@std@@V?$allocator@D@2@@std@@V?$allocator@V?$basic_string@DU?$char_traits@D@std@@V?$allocator@D@2@@std@@@2@@std@@AEBV12@@?$_Default_allocator_traits@V?$allocator@V?$vector@V?$basic_string@DU?$char_traits@D@std@@V?$allocator@D@2@@std@@V?$allocator@V?$basic_string@DU?$char_traits@D@std@@V?$allocator@D@2@@std@@@2@@std@@@std@@@std@@SAXAEAV?$allocator@V?$vector@V?$basic_string@DU?$char_traits@D@std@@V?$allocator@D@2@@std@@V?$allocator@V?$basic_string@DU?$char_traits@D@std@@V?$allocator@D@2@@std@@@2@@std@@@1@QEAV?$vector@V?$basic_string@DU?$char_traits@D@std@@V?$allocator@D@2@@std@@V?$allocator@V?$basic_string@DU?$char_traits@D@std@@V?$allocator@D@2@@std@@@2@@1@AEBV31@@Z 000000014002e190 f i main.obj
 0001:0002d210       ??$construct@V?$vector@V?$basic_string@DU?$char_traits@D@std@@V?$allocator@D@2@@std@@V?$allocator@V?$basic_string@DU?$char_traits@D@std@@V?$allocator@D@2@@std@@@2@@std@@V12@@?$_Default_allocator_traits@V?$allocator@V?$vector@V?$basic_string@DU?$char_traits@D@std@@V?$allocator@D@2@@std@@V?$allocator@V?$basic_string@DU?$char_traits@D@std@@V?$allocator@D@2@@std@@@2@@std@@@std@@@std@@SAXAEAV?$allocator@V?$vector@V?$basic_string@DU?$char_traits@D@std@@V?$allocator@D@2@@std@@V?$allocator@V?$basic_string@DU?$char_traits@D@std@@V?$allocator@D@2@@std@@@2@@std@@@1@QEAV?$vector@V?$basic_string@DU?$char_traits@D@std@@V?$allocator@D@2@@std@@V?$allocator@V?$basic_string@DU?$char_traits@D@std@@V?$allocator@D@2@@std@@@2@@1@$$QEAV31@@Z 000000014002e210 f i main.obj
 0001:0002d290       ??$construct_at@DAEBD$0A@@std@@YAPEADQEADAEBD@Z 000000014002e290 f i main.obj
 0001:0002d2f0       ??$construct_at@PEADAEAPEAD$0A@@std@@YAPEAPEADQEAPEADAEAPEAD@Z 000000014002e2f0 f i main.obj
 0001:0002d350       ??$construct_at@PEADAEBQEAD$0A@@std@@YAPEAPEADQEAPEADAEBQEAD@Z 000000014002e350 f i main.obj
 0001:0002d3b0       ??$construct_at@PEA_WAEBQEA_W$0A@@std@@YAPEAPEA_WQEAPEA_WAEBQEA_W@Z 000000014002e3b0 f i main.obj
 0001:0002d410       ??$construct_at@V?$basic_string@DU?$char_traits@D@std@@V?$allocator@D@2@@std@@AEAV12@$0A@@std@@YAPEAV?$basic_string@DU?$char_traits@D@std@@V?$allocator@D@2@@0@QEAV10@AEAV10@@Z 000000014002e410 f i main.obj
 0001:0002d460       ??$construct_at@V?$basic_string@DU?$char_traits@D@std@@V?$allocator@D@2@@std@@AEBV12@$0A@@std@@YAPEAV?$basic_string@DU?$char_traits@D@std@@V?$allocator@D@2@@0@QEAV10@AEBV10@@Z 000000014002e460 f i main.obj
 0001:0002d4b0       ??$construct_at@V?$basic_string@DU?$char_traits@D@std@@V?$allocator@D@2@@std@@V12@$0A@@std@@YAPEAV?$basic_string@DU?$char_traits@D@std@@V?$allocator@D@2@@0@QEAV10@$$QEAV10@@Z 000000014002e4b0 f i main.obj
 0001:0002d500       ??$construct_at@V?$vector@V?$basic_string@DU?$char_traits@D@std@@V?$allocator@D@2@@std@@V?$allocator@V?$basic_string@DU?$char_traits@D@std@@V?$allocator@D@2@@std@@@2@@std@@AEBV12@$0A@@std@@YAPEAV?$vector@V?$basic_string@DU?$char_traits@D@std@@V?$allocator@D@2@@std@@V?$allocator@V?$basic_string@DU?$char_traits@D@std@@V?$allocator@D@2@@std@@@2@@0@QEAV10@AEBV10@@Z 000000014002e500 f i main.obj
 0001:0002d550       ??$construct_at@V?$vector@V?$basic_string@DU?$char_traits@D@std@@V?$allocator@D@2@@std@@V?$allocator@V?$basic_string@DU?$char_traits@D@std@@V?$allocator@D@2@@std@@@2@@std@@V12@$0A@@std@@YAPEAV?$vector@V?$basic_string@DU?$char_traits@D@std@@V?$allocator@D@2@@std@@V?$allocator@V?$basic_string@DU?$char_traits@D@std@@V?$allocator@D@2@@std@@@2@@0@QEAV10@$$QEAV10@@Z 000000014002e550 f i main.obj
 0001:0002d5a0       ??$construct_at@_WAEB_W$0A@@std@@YAPEA_WQEA_WAEB_W@Z 000000014002e5a0 f i main.obj
 0001:0002d600       ??$degrees@$02M$0A@@glm@@YA?AU?$vec@$02M$0A@@0@AEBU10@@Z 000000014002e600 f i main.obj
 0001:0002d640       ??$degrees@M@glm@@YAMM@Z   000000014002e640 f i main.obj
 0001:0002d660       ??$destroy@V?$basic_string@DU?$char_traits@D@std@@V?$allocator@D@2@@std@@@?$_Default_allocator_traits@V?$allocator@V?$basic_string@DU?$char_traits@D@std@@V?$allocator@D@2@@std@@@std@@@std@@SAXAEAV?$allocator@V?$basic_string@DU?$char_traits@D@std@@V?$allocator@D@2@@std@@@1@QEAV?$basic_string@DU?$char_traits@D@std@@V?$allocator@D@2@@1@@Z 000000014002e660 f i main.obj
 0001:0002d690       ??$destroy@V?$vector@V?$basic_string@DU?$char_traits@D@std@@V?$allocator@D@2@@std@@V?$allocator@V?$basic_string@DU?$char_traits@D@std@@V?$allocator@D@2@@std@@@2@@std@@@?$_Default_allocator_traits@V?$allocator@V?$vector@V?$basic_string@DU?$char_traits@D@std@@V?$allocator@D@2@@std@@V?$allocator@V?$basic_string@DU?$char_traits@D@std@@V?$allocator@D@2@@std@@@2@@std@@@std@@@std@@SAXAEAV?$allocator@V?$vector@V?$basic_string@DU?$char_traits@D@std@@V?$allocator@D@2@@std@@V?$allocator@V?$basic_string@DU?$char_traits@D@std@@V?$allocator@D@2@@std@@@2@@std@@@1@QEAV?$vector@V?$basic_string@DU?$char_traits@D@std@@V?$allocator@D@2@@std@@V?$allocator@V?$basic_string@DU?$char_traits@D@std@@V?$allocator@D@2@@std@@@2@@1@@Z 000000014002e690 f i main.obj
 0001:0002d6c0       ??$destroy_at@V?$basic_string@DU?$char_traits@D@std@@V?$allocator@D@2@@std@@@std@@YAXQEAV?$basic_string@DU?$char_traits@D@std@@V?$allocator@D@2@@0@@Z 000000014002e6c0 f i main.obj
 0001:0002d6e0       ??$destroy_at@V?$vector@V?$basic_string@DU?$char_traits@D@std@@V?$allocator@D@2@@std@@V?$allocator@V?$basic_string@DU?$char_traits@D@std@@V?$allocator@D@2@@std@@@2@@std@@@std@@YAXQEAV?$vector@V?$basic_string@DU?$char_traits@D@std@@V?$allocator@D@2@@std@@V?$allocator@V?$basic_string@DU?$char_traits@D@std@@V?$allocator@D@2@@std@@@2@@0@@Z 000000014002e6e0 f i main.obj
 0001:0002d700       ??$endl@DU?$char_traits@D@std@@@std@@YAAEAV?$basic_ostream@DU?$char_traits@D@std@@@0@AEAV10@@Z 000000014002e700 f i main.obj
 0001:0002d770       ??$epsilon@M@glm@@YAMXZ    000000014002e770 f i main.obj
 0001:0002d790       ??$equal@$01M$0A@@glm@@YA?AU?$vec@$01_N$0A@@0@AEBU?$vec@$01M$0A@@0@00@Z 000000014002e790 f i main.obj
 0001:0002d800       ??$equal@$01M$0A@@glm@@YA?AU?$vec@$01_N$0A@@0@AEBU?$vec@$01M$0A@@0@0M@Z 000000014002e800 f i main.obj
 0001:0002d860       ??$eulerAngles@M$0A@@glm@@YA?AU?$vec@$02M$0A@@0@AEBU?$qua@M$0A@@0@@Z 000000014002e860 f i main.obj
 0001:0002d8e0       ??$exchange@PEAV?$basic_string@DU?$char_traits@D@std@@V?$allocator@D@2@@std@@$$T@std@@YAPEAV?$basic_string@DU?$char_traits@D@std@@V?$allocator@D@2@@0@AEAPEAV10@$$QEA$$T@Z 000000014002e8e0 f i main.obj
 0001:0002d920       ??$exchange@PEAV_Facet_base@std@@$$T@std@@YAPEAV_Facet_base@0@AEAPEAV10@$$QEA$$T@Z 000000014002e920 f i main.obj
 0001:0002d960       ??$find_if@PEADP6AHH@Z@std@@YAPEADPEADQEADP6AHH@Z@Z 000000014002e960 f i main.obj
 0001:0002da20       ??$getline@DU?$char_traits@D@std@@V?$allocator@D@2@@std@@YAAEAV?$basic_istream@DU?$char_traits@D@std@@@0@$$QEAV10@AEAV?$basic_string@DU?$char_traits@D@std@@V?$allocator@D@2@@0@D@Z 000000014002ea20 f i main.obj
 0001:0002dd00       ??$getline@DU?$char_traits@D@std@@V?$allocator@D@2@@std@@YAAEAV?$basic_istream@DU?$char_traits@D@std@@@0@AEAV10@AEAV?$basic_string@DU?$char_traits@D@std@@V?$allocator@D@2@@0@@Z 000000014002ed00 f i main.obj
 0001:0002dd70       ??$lessThanEqual@$01M$0A@@glm@@YA?AU?$vec@$01_N$0A@@0@AEBU?$vec@$01M$0A@@0@0@Z 000000014002ed70 f i main.obj
 0001:0002de40       ??$max@M@glm@@YAMMM@Z      000000014002ee40 f i main.obj
 0001:0002de90       ??$max@_K@std@@YAAEB_KAEB_K0@Z 000000014002ee90 f i main.obj
 0001:0002def0       ??$min@M@glm@@YAMMM@Z      000000014002eef0 f i main.obj
 0001:0002df40       ??$min@_K@std@@YAAEB_KAEB_K0@Z 000000014002ef40 f i main.obj
 0001:0002dfa0       ??$pitch@M$0A@@glm@@YAMAEBU?$qua@M$0A@@0@@Z 000000014002efa0 f i main.obj
 0001:0002e140       ??$quoted@DU?$char_traits@D@std@@V?$allocator@D@2@@std@@YA?AU?$_Quote_out@DU?$char_traits@D@std@@_K@0@AEBV?$basic_string@DU?$char_traits@D@std@@V?$allocator@D@2@@0@DD@Z 000000014002f140 f i main.obj
 0001:0002e1c0       ??$radians@$02M$0A@@glm@@YA?AU?$vec@$02M$0A@@0@AEBU10@@Z 000000014002f1c0 f i main.obj
 0001:0002e200       ??$radians@M@glm@@YAMM@Z   000000014002f200 f i main.obj
 0001:0002e220       ??$remove_if@V?$_String_iterator@V?$_String_val@U?$_Simple_types@D@std@@@std@@@std@@P6AHH@Z@std@@YA?AV?$_String_iterator@V?$_String_val@U?$_Simple_types@D@std@@@std@@@0@V10@V10@P6AHH@Z@Z 000000014002f220 f i main.obj
 0001:0002e360       ??$roll@M$0A@@glm@@YAMAEBU?$qua@M$0A@@0@@Z 000000014002f360 f i main.obj
 0001:0002e4d0       ??$string@DU?$char_traits@D@std@@V?$allocator@D@2@$0A@@path@filesystem@std@@QEBA?AV?$basic_string@DU?$char_traits@D@std@@V?$allocator@D@2@@2@AEBV?$allocator@D@2@@Z 000000014002f4d0 f i main.obj
 0001:0002e570       ??$use_facet@V?$codecvt@DDU_Mbstatet@@@std@@@std@@YAAEBV?$codecvt@DDU_Mbstatet@@@0@AEBVlocale@0@@Z 000000014002f570 f i main.obj
 0001:0002e6c0       ??$yaw@M$0A@@glm@@YAMAEBU?$qua@M$0A@@0@@Z 000000014002f6c0 f i main.obj
 0001:0002e740       ??0?$_Quote_out@DU?$char_traits@D@std@@_K@std@@QEAA@PEBD_KDD@Z 000000014002f740 f i main.obj
 0001:0002e7b0       ??0?$_String_const_iterator@V?$_String_val@U?$_Simple_types@D@std@@@std@@@std@@QEAA@PEBDPEBU_Container_base0@1@@Z 000000014002f7b0 f i main.obj
 0001:0002e800       ??0?$_String_iterator@V?$_String_val@U?$_Simple_types@D@std@@@std@@@std@@QEAA@PEBDPEBU_Container_base0@1@@Z 000000014002f800 f i main.obj
 0001:0002e840       ??0?$_String_val@U?$_Simple_types@D@std@@@std@@QEAA@XZ 000000014002f840 f i main.obj
 0001:0002e890       ??0?$_String_val@U?$_Simple_types@_W@std@@@std@@QEAA@XZ 000000014002f890 f i main.obj
 0001:0002e8e0       ??0?$_Uninitialized_backout_al@V?$allocator@V?$basic_string@DU?$char_traits@D@std@@V?$allocator@D@2@@std@@@std@@@std@@QEAA@PEAV?$basic_string@DU?$char_traits@D@std@@V?$allocator@D@2@@1@AEAV?$allocator@V?$basic_string@DU?$char_traits@D@std@@V?$allocator@D@2@@std@@@1@@Z 000000014002f8e0 f i main.obj
 0001:0002e930       ??0?$_Uninitialized_backout_al@V?$allocator@V?$vector@V?$basic_string@DU?$char_traits@D@std@@V?$allocator@D@2@@std@@V?$allocator@V?$basic_string@DU?$char_traits@D@std@@V?$allocator@D@2@@std@@@2@@std@@@std@@@std@@QEAA@PEAV?$vector@V?$basic_string@DU?$char_traits@D@std@@V?$allocator@D@2@@std@@V?$allocator@V?$basic_string@DU?$char_traits@D@std@@V?$allocator@D@2@@std@@@2@@1@AEAV?$allocator@V?$vector@V?$basic_string@DU?$char_traits@D@std@@V?$allocator@D@2@@std@@V?$allocator@V?$basic_string@DU?$char_traits@D@std@@V?$allocator@D@2@@std@@@2@@std@@@1@@Z 000000014002f930 f i main.obj
 0001:0002e980       ??0?$_Vector_val@U?$_Simple_types@V?$basic_string@DU?$char_traits@D@std@@V?$allocator@D@2@@std@@@std@@@std@@QEAA@PEAV?$basic_string@DU?$char_traits@D@std@@V?$allocator@D@2@@1@00@Z 000000014002f980 f i main.obj
 0001:0002e9e0       ??0?$_Vector_val@U?$_Simple_types@V?$basic_string@DU?$char_traits@D@std@@V?$allocator@D@2@@std@@@std@@@std@@QEAA@XZ 000000014002f9e0 f i main.obj
 0001:0002ea20       ??0?$allocator@D@std@@QEAA@XZ 000000014002fa20 f i main.obj
 0001:0002ea30       ??0?$allocator@V?$basic_string@DU?$char_traits@D@std@@V?$allocator@D@2@@std@@@std@@QEAA@XZ 000000014002fa30 f i main.obj
 0001:0002ea40       ??0?$allocator@_W@std@@QEAA@XZ 000000014002fa40 f i main.obj
 0001:0002ea50       ??0?$basic_filebuf@DU?$char_traits@D@std@@@std@@QEAA@XZ 000000014002fa50 f i main.obj
 0001:0002eaa0       ??0?$basic_ifstream@DU?$char_traits@D@std@@@std@@QEAA@AEBV?$basic_string@DU?$char_traits@D@std@@V?$allocator@D@2@@1@HH@Z 000000014002faa0 f i main.obj
 0001:0002eb60       ??0?$basic_ifstream@DU?$char_traits@D@std@@@std@@QEAA@PEBDHH@Z 000000014002fb60 f i main.obj
 0001:0002ecf0       ??0?$basic_string@DU?$char_traits@D@std@@V?$allocator@D@2@@std@@QEAA@$$QEAV01@@Z 000000014002fcf0 f i main.obj
 0001:0002ed90       ??0?$basic_string@DU?$char_traits@D@std@@V?$allocator@D@2@@std@@QEAA@AEBV01@@Z 000000014002fd90 f i main.obj
 0001:0002ee50       ??0?$basic_string@DU?$char_traits@D@std@@V?$allocator@D@2@@std@@QEAA@AEBV01@_K1AEBV?$allocator@D@1@@Z 000000014002fe50 f i main.obj
 0001:0002ef30       ??0?$basic_string@DU?$char_traits@D@std@@V?$allocator@D@2@@std@@QEAA@AEBV?$allocator@D@1@@Z 000000014002ff30 f i main.obj
 0001:0002efb0       ??0?$basic_string@DU?$char_traits@D@std@@V?$allocator@D@2@@std@@QEAA@QEBD@Z 000000014002ffb0 f i main.obj
 0001:0002f020       ??0?$basic_string@DU?$char_traits@D@std@@V?$allocator@D@2@@std@@QEAA@QEBD_K@Z 0000000140030020 f i main.obj
 0001:0002f080       ??0?$basic_string@DU?$char_traits@D@std@@V?$allocator@D@2@@std@@QEAA@XZ 0000000140030080 f i main.obj
 0001:0002f0f0       ??0?$basic_string@_WU?$char_traits@_W@std@@V?$allocator@_W@2@@std@@QEAA@AEBV01@@Z 00000001400300f0 f i main.obj
 0001:0002f1b0       ??0?$basic_string@_WU?$char_traits@_W@std@@V?$allocator@_W@2@@std@@QEAA@XZ 00000001400301b0 f i main.obj
 0001:0002f220       ??0?$basic_string_view@DU?$char_traits@D@std@@@std@@QEAA@QEBD@Z 0000000140030220 f i main.obj
 0001:0002f270       ??0?$basic_string_view@DU?$char_traits@D@std@@@std@@QEAA@QEBD_K@Z 0000000140030270 f i main.obj
 0001:0002f2b0       ??0?$basic_string_view@_WU?$char_traits@_W@std@@@std@@QEAA@QEB_W_K@Z 00000001400302b0 f i main.obj
 0001:0002f2f0       ??0?$fpos@U_Mbstatet@@@std@@QEAA@U_Mbstatet@@_J@Z 00000001400302f0 f i main.obj
 0001:0002f340       ??0?$fpos@U_Mbstatet@@@std@@QEAA@_J@Z 0000000140030340 f i main.obj
 0001:0002f3a0       ??0?$vec@$01M$0A@@glm@@QEAA@M@Z 00000001400303a0 f i main.obj
 0001:0002f3e0       ??0?$vec@$01M$0A@@glm@@QEAA@MM@Z 00000001400303e0 f i main.obj
 0001:0002f430       ??0?$vec@$01_N$0A@@glm@@QEAA@_N@Z 0000000140030430 f i main.obj
 0001:0002f470       ??0?$vec@$02M$0A@@glm@@QEAA@MMM@Z 0000000140030470 f i main.obj
 0001:0002f4d0       ??0?$vector@V?$basic_string@DU?$char_traits@D@std@@V?$allocator@D@2@@std@@V?$allocator@V?$basic_string@DU?$char_traits@D@std@@V?$allocator@D@2@@std@@@2@@std@@QEAA@$$QEAV01@@Z 00000001400304d0 f i main.obj
 0001:0002f650       ??0?$vector@V?$basic_string@DU?$char_traits@D@std@@V?$allocator@D@2@@std@@V?$allocator@V?$basic_string@DU?$char_traits@D@std@@V?$allocator@D@2@@std@@@2@@std@@QEAA@AEBV01@@Z 0000000140030650 f i main.obj
 0001:0002f720       ??0?$vector@V?$basic_string@DU?$char_traits@D@std@@V?$allocator@D@2@@std@@V?$allocator@V?$basic_string@DU?$char_traits@D@std@@V?$allocator@D@2@@std@@@2@@std@@QEAA@XZ 0000000140030720 f i main.obj
 0001:0002f780       ??0Key@@QEAA@XZ            0000000140030780 f i main.obj
 0001:0002f7f0       ??0Window@@QEAA@HHPEBD@Z   00000001400307f0 f i main.obj
 0001:0002fa70       ??0_Bxty@?$_String_val@U?$_Simple_types@D@std@@@std@@QEAA@XZ 0000000140030a70 f i main.obj
 0001:0002faa0       ??0_Bxty@?$_String_val@U?$_Simple_types@_W@std@@@std@@QEAA@XZ 0000000140030aa0 f i main.obj
 0001:0002fad0       ??0_Fake_proxy_ptr_impl@std@@QEAA@AEBU_Fake_allocator@1@AEBU_Container_base0@1@@Z 0000000140030ad0 f i main.obj
 0001:0002faf0       ??0_Sentry_base@?$basic_istream@DU?$char_traits@D@std@@@std@@QEAA@AEAV12@@Z 0000000140030af0 f i main.obj
 0001:0002fb80       ??0_Sentry_base@?$basic_ostream@DU?$char_traits@D@std@@@std@@QEAA@AEAV12@@Z 0000000140030b80 f i main.obj
 0001:0002fc10       ??0_System_error@std@@IEAA@Verror_code@1@AEBV?$basic_string@DU?$char_traits@D@std@@V?$allocator@D@2@@1@@Z 0000000140030c10 f i main.obj
 0001:0002fd70       ??0_System_error@std@@QEAA@AEBV01@@Z 0000000140030d70 f i main.obj
 0001:0002fde0       ??0_System_error_message@std@@QEAA@K@Z 0000000140030de0 f i main.obj
 0001:0002fe30       ??0bad_alloc@std@@AEAA@QEBD@Z 0000000140030e30 f i main.obj
 0001:0002fe80       ??0bad_alloc@std@@QEAA@AEBV01@@Z 0000000140030e80 f i main.obj
 0001:0002fed0       ??0bad_array_new_length@std@@QEAA@AEBV01@@Z 0000000140030ed0 f i main.obj
 0001:0002ff20       ??0bad_array_new_length@std@@QEAA@XZ 0000000140030f20 f i main.obj
 0001:0002ff60       ??0bad_cast@std@@QEAA@AEBV01@@Z 0000000140030f60 f i main.obj
 0001:0002ffb0       ??0bad_cast@std@@QEAA@XZ   0000000140030fb0 f i main.obj
 0001:00030000       ??0error_code@std@@QEAA@HAEBVerror_category@1@@Z 0000000140031000 f i main.obj
 0001:00030040       ??0error_condition@std@@QEAA@HAEBVerror_category@1@@Z 0000000140031040 f i main.obj
 0001:00030080       ??0exception@std@@QEAA@AEBV01@@Z 0000000140031080 f i main.obj
 0001:000300f0       ??0exception@std@@QEAA@QEBD@Z 00000001400310f0 f i main.obj
 0001:00030170       ??0exception@std@@QEAA@QEBDH@Z 0000000140031170 f i main.obj
 0001:000301d0       ??0filesystem_error@filesystem@std@@QEAA@AEBV012@@Z 00000001400311d0 f i main.obj
 0001:000302a0       ??0filesystem_error@filesystem@std@@QEAA@AEBV?$basic_string@DU?$char_traits@D@std@@V?$allocator@D@2@@2@AEBVpath@12@Verror_code@2@@Z 00000001400312a0 f i main.obj
 0001:00030470       ??0filesystem_error@filesystem@std@@QEAA@AEBV?$basic_string@DU?$char_traits@D@std@@V?$allocator@D@2@@2@Verror_code@2@@Z 0000000140031470 f i main.obj
 0001:00030540       ??0path@filesystem@std@@QEAA@AEBV012@@Z 0000000140031540 f i main.obj
 0001:00030590       ??0path@filesystem@std@@QEAA@XZ 0000000140031590 f i main.obj
 0001:000305c0       ??0runtime_error@std@@QEAA@AEBV01@@Z 00000001400315c0 f i main.obj
 0001:00030610       ??0runtime_error@std@@QEAA@AEBV?$basic_string@DU?$char_traits@D@std@@V?$allocator@D@2@@1@@Z 0000000140031610 f i main.obj
 0001:00030660       ??0sentry@?$basic_istream@DU?$char_traits@D@std@@@std@@QEAA@AEAV12@_N@Z 0000000140031660 f i main.obj
 0001:000306d0       ??0sentry@?$basic_ostream@DU?$char_traits@D@std@@@std@@QEAA@AEAV12@@Z 00000001400316d0 f i main.obj
 0001:000307e0       ??0system_error@std@@QEAA@AEBV01@@Z 00000001400317e0 f i main.obj
 0001:00030830       ??0system_error@std@@QEAA@Verror_code@1@@Z 0000000140031830 f i main.obj
 0001:000308f0       ??0system_error@std@@QEAA@Verror_code@1@AEBV?$basic_string@DU?$char_traits@D@std@@V?$allocator@D@2@@1@@Z 00000001400318f0 f i main.obj
 0001:00030960       ??1?$_Compressed_pair@V?$allocator@D@std@@V?$_String_val@U?$_Simple_types@D@std@@@2@$00@std@@QEAA@XZ 0000000140031960 f i main.obj
 0001:00030990       ??1?$_Compressed_pair@V?$allocator@_W@std@@V?$_String_val@U?$_Simple_types@_W@std@@@2@$00@std@@QEAA@XZ 0000000140031990 f i main.obj
 0001:000309c0       ??1?$_String_val@U?$_Simple_types@D@std@@@std@@QEAA@XZ 00000001400319c0 f i main.obj
 0001:000309f0       ??1?$_String_val@U?$_Simple_types@_W@std@@@std@@QEAA@XZ 00000001400319f0 f i main.obj
 0001:00030a20       ??1?$_Tidy_guard@V?$vector@V?$basic_string@DU?$char_traits@D@std@@V?$allocator@D@2@@std@@V?$allocator@V?$basic_string@DU?$char_traits@D@std@@V?$allocator@D@2@@std@@@2@@std@@@std@@QEAA@XZ 0000000140031a20 f i main.obj
 0001:00030a50       ??1?$_Uninitialized_backout_al@V?$allocator@V?$basic_string@DU?$char_traits@D@std@@V?$allocator@D@2@@std@@@std@@@std@@QEAA@XZ 0000000140031a50 f i main.obj
 0001:00030a90       ??1?$_Uninitialized_backout_al@V?$allocator@V?$vector@V?$basic_string@DU?$char_traits@D@std@@V?$allocator@D@2@@std@@V?$allocator@V?$basic_string@DU?$char_traits@D@std@@V?$allocator@D@2@@std@@@2@@std@@@std@@@std@@QEAA@XZ 0000000140031a90 f i main.obj
 0001:00030ad0       ??1?$basic_filebuf@DU?$char_traits@D@std@@@std@@UEAA@XZ 0000000140031ad0 f i main.obj
 0001:00030b40       ??1?$basic_ifstream@DU?$char_traits@D@std@@@std@@UEAA@XZ 0000000140031b40 f i main.obj
 0001:00030bf0       ??1?$basic_string@DU?$char_traits@D@std@@V?$allocator@D@2@@std@@QEAA@XZ 0000000140031bf0 f i main.obj
 0001:00030c20       ??1?$basic_string@_WU?$char_traits@_W@std@@V?$allocator@_W@2@@std@@QEAA@XZ 0000000140031c20 f i main.obj
 0001:00030c50       ??1?$unique_ptr@V_Facet_base@std@@U?$default_delete@V_Facet_base@std@@@2@@std@@QEAA@XZ 0000000140031c50 f i main.obj
 0001:00030cb0       ??1?$vector@V?$basic_string@DU?$char_traits@D@std@@V?$allocator@D@2@@std@@V?$allocator@V?$basic_string@DU?$char_traits@D@std@@V?$allocator@D@2@@std@@@2@@std@@QEAA@XZ 0000000140031cb0 f i main.obj
 0001:00030cd0       ??1Window@@QEAA@XZ         0000000140031cd0 f i main.obj
 0001:00030d40       ??1_Bxty@?$_String_val@U?$_Simple_types@D@std@@@std@@QEAA@XZ 0000000140031d40 f i main.obj
 0001:00030d50       ??1_Bxty@?$_String_val@U?$_Simple_types@_W@std@@@std@@QEAA@XZ 0000000140031d50 f i main.obj
 0001:00030d60       ??1_Generic_error_category@std@@UEAA@XZ 0000000140031d60 f i main.obj
 0001:00030d80       ??1_Sentry_base@?$basic_istream@DU?$char_traits@D@std@@@std@@QEAA@XZ 0000000140031d80 f i main.obj
 0001:00030df0       ??1_Sentry_base@?$basic_ostream@DU?$char_traits@D@std@@@std@@QEAA@XZ 0000000140031df0 f i main.obj
 0001:00030e60       ??1_System_error@std@@UEAA@XZ 0000000140031e60 f i main.obj
 0001:00030e80       ??1_System_error_category@std@@UEAA@XZ 0000000140031e80 f i main.obj
 0001:00030ea0       ??1_System_error_message@std@@QEAA@XZ 0000000140031ea0 f i main.obj
 0001:00030ed0       ??1bad_alloc@std@@UEAA@XZ  0000000140031ed0 f i main.obj
 0001:00030ef0       ??1bad_array_new_length@std@@UEAA@XZ 0000000140031ef0 f i main.obj
 0001:00030f10       ??1bad_cast@std@@UEAA@XZ   0000000140031f10 f i main.obj
 0001:00030f30       ??1error_category@std@@UEAA@XZ 0000000140031f30 f i main.obj
 0001:00030f40       ??1exception@std@@UEAA@XZ  0000000140031f40 f i main.obj
 0001:00030f80       ??1filesystem_error@filesystem@std@@UEAA@XZ 0000000140031f80 f i main.obj
 0001:00030fe0       ??1locale@std@@QEAA@XZ     0000000140031fe0 f i main.obj
 0001:00031070       ??1path@filesystem@std@@QEAA@XZ 0000000140032070 f i main.obj
 0001:000310a0       ??1runtime_error@std@@UEAA@XZ 00000001400320a0 f i main.obj
 0001:000310c0       ??1sentry@?$basic_istream@DU?$char_traits@D@std@@@std@@QEAA@XZ 00000001400320c0 f i main.obj
 0001:000310e0       ??1sentry@?$basic_ostream@DU?$char_traits@D@std@@@std@@QEAA@XZ 00000001400320e0 f i main.obj
 0001:00031150       ??1system_error@std@@UEAA@XZ 0000000140032150 f i main.obj
 0001:00031170       ??2@YAPEAX_KPEAX@Z         0000000140032170 f i main.obj
 0001:00031190       ??8error_category@std@@QEBA_NAEBV01@@Z 0000000140032190 f i main.obj
 0001:00031200       ??8std@@YA_NAEBVerror_condition@0@0@Z 0000000140032200 f i main.obj
 0001:000312a0       ??A?$basic_string@DU?$char_traits@D@std@@V?$allocator@D@2@@std@@QEAAAEAD_K@Z 00000001400322a0 f i main.obj
 0001:000312d0       ??A?$mat@$03$03M$0A@@glm@@QEBAAEBU?$vec@$03M$0A@@1@H@Z 00000001400322d0 f i main.obj
 0001:00031330       ??A?$qua@M$0A@@glm@@QEBAAEBMH@Z 0000000140032330 f i main.obj
 0001:000313a0       ??A?$vec@$01M$0A@@glm@@QEBAAEBMH@Z 00000001400323a0 f i main.obj
 0001:00031420       ??A?$vec@$01_N$0A@@glm@@QEAAAEA_NH@Z 0000000140032420 f i main.obj
 0001:000314a0       ??A?$vec@$01_N$0A@@glm@@QEBAAEB_NH@Z 00000001400324a0 f i main.obj
 0001:00031520       ??A?$vec@$02M$0A@@glm@@QEBAAEBMH@Z 0000000140032520 f i main.obj
 0001:000315c0       ??A?$vec@$03M$0A@@glm@@QEBAAEBMH@Z 00000001400325c0 f i main.obj
 0001:00031670       ??A?$vector@IV?$allocator@I@std@@@std@@QEBAAEBI_K@Z 0000000140032670 f i main.obj
 0001:000316b0       ??B?$basic_string@_WU?$char_traits@_W@std@@V?$allocator@_W@2@@std@@QEBA?AV?$basic_string_view@_WU?$char_traits@_W@std@@@1@XZ 00000001400326b0 f i main.obj
 0001:00031710       ??B?$fpos@U_Mbstatet@@@std@@QEBA_JXZ 0000000140032710 f i main.obj
 0001:00031730       ??Bsentry@?$basic_istream@DU?$char_traits@D@std@@@std@@QEBA_NXZ 0000000140032730 f i main.obj
 0001:00031750       ??Bsentry@?$basic_ostream@DU?$char_traits@D@std@@@std@@QEBA_NXZ 0000000140032750 f i main.obj
 0001:00031770       ??H?$_String_iterator@V?$_String_val@U?$_Simple_types@D@std@@@std@@@std@@QEBA?AV01@_J@Z 0000000140032770 f i main.obj
 0001:000317c0       ??R<lambda_1>@?1???0Window@@QEAA@HHPEBD@Z@QEBA@PEAUGLFWwindow@@HH@Z 00000001400327c0 f i main.obj
 0001:00031820       ??R<lambda_1>@?1??append@?$basic_string@DU?$char_traits@D@std@@V?$allocator@D@2@@std@@QEAAAEAV23@QEBD_K@Z@QEBA@QEAD0101@Z 0000000140032820 f i main.obj
 0001:000318c0       ??R<lambda_1>@?1??append@?$basic_string@DU?$char_traits@D@std@@V?$allocator@D@2@@std@@QEAAAEAV23@_KD@Z@QEBA@QEADQEBD00D@Z 00000001400328c0 f i main.obj
 0001:00031970       ??R<lambda_1>@?1??append@?$basic_string@_WU?$char_traits@_W@std@@V?$allocator@_W@2@@std@@QEAAAEAV23@_K_W@Z@QEBA@QEA_WQEB_W001@Z 0000000140032970 f i main.obj
 0001:00031a10       ??R<lambda_1>@?1??push_back@?$basic_string@DU?$char_traits@D@std@@V?$allocator@D@2@@std@@QEAAXD@Z@QEBA@QEADQEBD_KD@Z 0000000140032a10 f i main.obj
 0001:00031aa0       ??R<lambda_1>@?1??reserve@?$basic_string@DU?$char_traits@D@std@@V?$allocator@D@2@@std@@QEAAX_K@Z@QEBA@QEADQEBD0@Z 0000000140032aa0 f i main.obj
 0001:00031af0       ??R<lambda_2>@?1???0Window@@QEAA@HHPEBD@Z@QEBA@PEAUGLFWwindow@@HHHH@Z 0000000140032af0 f i main.obj
 0001:00031b60       ??R<lambda_3>@?1???0Window@@QEAA@HHPEBD@Z@QEBA@PEAUGLFWwindow@@HQEAPEBD@Z 0000000140032b60 f i main.obj
 0001:00031bc0       ??R?$default_delete@V_Facet_base@std@@@std@@QEBAXPEAV_Facet_base@1@@Z 0000000140032bc0 f i main.obj
 0001:00031c30       ??Y?$_String_const_iterator@V?$_String_val@U?$_Simple_types@D@std@@@std@@@std@@QEAAAEAV01@_J@Z 0000000140032c30 f i main.obj
 0001:00031c60       ??Y?$_String_iterator@V?$_String_val@U?$_Simple_types@D@std@@@std@@@std@@QEAAAEAV01@_J@Z 0000000140032c60 f i main.obj
 0001:00031c90       ??Y?$basic_string@DU?$char_traits@D@std@@V?$allocator@D@2@@std@@QEAAAEAV01@AEBV01@@Z 0000000140032c90 f i main.obj
 0001:00031cc0       ??Y?$basic_string@DU?$char_traits@D@std@@V?$allocator@D@2@@std@@QEAAAEAV01@D@Z 0000000140032cc0 f i main.obj
 0001:00031cf0       ??_D?$basic_ifstream@DU?$char_traits@D@std@@@std@@QEAAXXZ 0000000140032cf0 f i main.obj
 0001:00031d34       ??_E?$basic_ifstream@DU?$char_traits@D@std@@@std@@$4PPPPPPPM@A@EAAPEAXI@Z 0000000140032d34 f i main.obj
 0001:00031d50       ??_E?$basic_filebuf@DU?$char_traits@D@std@@@std@@UEAAPEAXI@Z 0000000140032d50 f i main.obj
 0001:00031d50       ??_G?$basic_filebuf@DU?$char_traits@D@std@@@std@@UEAAPEAXI@Z 0000000140032d50 f i main.obj
 0001:00031da0       ??_E?$basic_ifstream@DU?$char_traits@D@std@@@std@@UEAAPEAXI@Z 0000000140032da0 f i main.obj
 0001:00031da0       ??_G?$basic_ifstream@DU?$char_traits@D@std@@@std@@UEAAPEAXI@Z 0000000140032da0 f i main.obj
 0001:00031e10       ??_G?$basic_string@DU?$char_traits@D@std@@V?$allocator@D@2@@std@@QEAAPEAXI@Z 0000000140032e10 f i main.obj
 0001:00031e60       ??_G?$vector@V?$basic_string@DU?$char_traits@D@std@@V?$allocator@D@2@@std@@V?$allocator@V?$basic_string@DU?$char_traits@D@std@@V?$allocator@D@2@@std@@@2@@std@@QEAAPEAXI@Z 0000000140032e60 f i main.obj
 0001:00031eb0       ??_E_Generic_error_category@std@@UEAAPEAXI@Z 0000000140032eb0 f i main.obj
 0001:00031eb0       ??_G_Generic_error_category@std@@UEAAPEAXI@Z 0000000140032eb0 f i main.obj
 0001:00031f00       ??_E_System_error@std@@UEAAPEAXI@Z 0000000140032f00 f i main.obj
 0001:00031f00       ??_G_System_error@std@@UEAAPEAXI@Z 0000000140032f00 f i main.obj
 0001:00031f50       ??_E_System_error_category@std@@UEAAPEAXI@Z 0000000140032f50 f i main.obj
 0001:00031f50       ??_G_System_error_category@std@@UEAAPEAXI@Z 0000000140032f50 f i main.obj
 0001:00031fa0       ??_Ebad_alloc@std@@UEAAPEAXI@Z 0000000140032fa0 f i main.obj
 0001:00031fa0       ??_Gbad_alloc@std@@UEAAPEAXI@Z 0000000140032fa0 f i main.obj
 0001:00031ff0       ??_Ebad_array_new_length@std@@UEAAPEAXI@Z 0000000140032ff0 f i main.obj
 0001:00031ff0       ??_Gbad_array_new_length@std@@UEAAPEAXI@Z 0000000140032ff0 f i main.obj
 0001:00032040       ??_Ebad_cast@std@@UEAAPEAXI@Z 0000000140033040 f i main.obj
 0001:00032040       ??_Gbad_cast@std@@UEAAPEAXI@Z 0000000140033040 f i main.obj
 0001:00032090       ??_Eexception@std@@UEAAPEAXI@Z 0000000140033090 f i main.obj
 0001:00032090       ??_Gexception@std@@UEAAPEAXI@Z 0000000140033090 f i main.obj
 0001:000320e0       ??_Efilesystem_error@filesystem@std@@UEAAPEAXI@Z 00000001400330e0 f i main.obj
 0001:000320e0       ??_Gfilesystem_error@filesystem@std@@UEAAPEAXI@Z 00000001400330e0 f i main.obj
 0001:00032130       ??_Eruntime_error@std@@UEAAPEAXI@Z 0000000140033130 f i main.obj
 0001:00032130       ??_Gruntime_error@std@@UEAAPEAXI@Z 0000000140033130 f i main.obj
 0001:00032180       ??_Esystem_error@std@@UEAAPEAXI@Z 0000000140033180 f i main.obj
 0001:00032180       ??_Gsystem_error@std@@UEAAPEAXI@Z 0000000140033180 f i main.obj
 0001:000321d0       ??_H@YAXPEAX_K1P6APEAX0@Z@Z 00000001400331d0 f i main.obj
 0001:00032250       ??__Ksv@string_view_literals@literals@std@@YA?AV?$basic_string_view@DU?$char_traits@D@std@@@3@PEBD_K@Z 0000000140033250 f i main.obj
 0001:00032290       ?Close@Window@@QEAAXXZ     0000000140033290 f i main.obj
 0001:000322c0       ?DropCallback@Window@@QEAAXPEAUGLFWwindow@@HQEAPEBD@Z 00000001400332c0 f i main.obj
 0001:00032390       ?FramebufferSizeCallback@Window@@QEAAXPEAUGLFWwindow@@HH@Z 0000000140033390 f i main.obj
 0001:000323e0       ?IsOpen@Window@@QEAA_NXZ   00000001400333e0 f i main.obj
 0001:00032430       ?KeyCallback@Window@@QEAAXPEAUGLFWwindow@@HHHH@Z 0000000140033430 f i main.obj
 0001:00032500       ?Tick@Window@@QEAAXXZ      0000000140033500 f i main.obj
 0001:00032610       ?_Activate_SSO_buffer@?$_String_val@U?$_Simple_types@D@std@@@std@@QEAAXXZ 0000000140033610 f i main.obj
 0001:00032680       ?_Activate_SSO_buffer@?$_String_val@U?$_Simple_types@_W@std@@@std@@QEAAXXZ 0000000140033680 f i main.obj
 0001:000326e0       ?_Adjust_manually_vector_aligned@std@@YAXAEAPEAXAEA_K@Z 00000001400336e0 f i main.obj
 0001:000327a0       ?_Adopt@_Iterator_base0@std@@QEAAXPEBX@Z 00000001400337a0 f i main.obj
 0001:000327b0       ?_Alloc_proxy@_Container_base0@std@@QEAAXAEBU_Fake_allocator@2@@Z 00000001400337b0 f i main.obj
 0001:000327c0       ?_Allocate@_Default_allocate_traits@std@@SAPEAX_K@Z 00000001400337c0 f i main.obj
 0001:000327e0       ?_Buy_nonzero@?$vector@V?$basic_string@DU?$char_traits@D@std@@V?$allocator@D@2@@std@@V?$allocator@V?$basic_string@DU?$char_traits@D@std@@V?$allocator@D@2@@std@@@2@@std@@AEAAX_K@Z 00000001400337e0 f i main.obj
 0001:00032830       ?_Buy_raw@?$vector@V?$basic_string@DU?$char_traits@D@std@@V?$allocator@D@2@@std@@V?$allocator@V?$basic_string@DU?$char_traits@D@std@@V?$allocator@D@2@@std@@@2@@std@@AEAAX_K@Z 0000000140033830 f i main.obj
 0001:000328f0       ?_Calculate_growth@?$basic_string@DU?$char_traits@D@std@@V?$allocator@D@2@@std@@AEBA_K_K@Z 00000001400338f0 f i main.obj
 0001:00032950       ?_Calculate_growth@?$basic_string@DU?$char_traits@D@std@@V?$allocator@D@2@@std@@CA_K_K00@Z 0000000140033950 f i main.obj
 0001:00032a10       ?_Calculate_growth@?$basic_string@_WU?$char_traits@_W@std@@V?$allocator@_W@2@@std@@AEBA_K_K@Z 0000000140033a10 f i main.obj
 0001:00032a70       ?_Calculate_growth@?$basic_string@_WU?$char_traits@_W@std@@V?$allocator@_W@2@@std@@CA_K_K00@Z 0000000140033a70 f i main.obj
 0001:00032b30       ?_Calculate_growth@?$vector@V?$basic_string@DU?$char_traits@D@std@@V?$allocator@D@2@@std@@V?$allocator@V?$basic_string@DU?$char_traits@D@std@@V?$allocator@D@2@@std@@@2@@std@@AEBA_K_K@Z 0000000140033b30 f i main.obj
 0001:00032bf0       ?_Calculate_growth@?$vector@V?$vector@V?$basic_string@DU?$char_traits@D@std@@V?$allocator@D@2@@std@@V?$allocator@V?$basic_string@DU?$char_traits@D@std@@V?$allocator@D@2@@std@@@2@@std@@V?$allocator@V?$vector@V?$basic_string@DU?$char_traits@D@std@@V?$allocator@D@2@@std@@V?$allocator@V?$basic_string@DU?$char_traits@D@std@@V?$allocator@D@2@@std@@@2@@std@@@2@@std@@AEBA_K_K@Z 0000000140033bf0 f i main.obj
 0001:00032cb0       ?_Change_array@?$vector@V?$basic_string@DU?$char_traits@D@std@@V?$allocator@D@2@@std@@V?$allocator@V?$basic_string@DU?$char_traits@D@std@@V?$allocator@D@2@@std@@@2@@std@@AEAAXQEAV?$basic_string@DU?$char_traits@D@std@@V?$allocator@D@2@@2@_K1@Z 0000000140033cb0 f i main.obj
 0001:00032df0       ?_Change_array@?$vector@V?$vector@V?$basic_string@DU?$char_traits@D@std@@V?$allocator@D@2@@std@@V?$allocator@V?$basic_string@DU?$char_traits@D@std@@V?$allocator@D@2@@std@@@2@@std@@V?$allocator@V?$vector@V?$basic_string@DU?$char_traits@D@std@@V?$allocator@D@2@@std@@V?$allocator@V?$basic_string@DU?$char_traits@D@std@@V?$allocator@D@2@@std@@@2@@std@@@2@@std@@AEAAXQEAV?$vector@V?$basic_string@DU?$char_traits@D@std@@V?$allocator@D@2@@std@@V?$allocator@V?$basic_string@DU?$char_traits@D@std@@V?$allocator@D@2@@std@@@2@@2@_K1@Z 0000000140033df0 f i main.obj
 0001:00032f30       ?_Check_convert_result@std@@YAHU__std_fs_convert_result@@@Z 0000000140033f30 f i main.obj
 0001:00032f60       ?_Check_offset@?$_String_val@U?$_Simple_types@D@std@@@std@@QEBAX_K@Z 0000000140033f60 f i main.obj
 0001:00032fa0       ?_Clamp_suffix_size@?$_String_val@U?$_Simple_types@D@std@@@std@@QEBA_K_K0@Z 0000000140033fa0 f i main.obj
 0001:00032ff0       ?_Convert_narrow_to_wide@filesystem@std@@YA?AV?$basic_string@_WU?$char_traits@_W@std@@V?$allocator@_W@2@@2@W4__std_code_page@@V?$basic_string_view@DU?$char_traits@D@std@@@2@@Z 0000000140033ff0 f i main.obj
 0001:000331a0       ?_Current_path@filesystem@std@@YA?AW4__std_win_error@@AEAVpath@12@@Z 00000001400341a0 f i main.obj
 0001:00033250       ?_Endwrite@?$basic_filebuf@DU?$char_traits@D@std@@@std@@IEAA_NXZ 0000000140034250 f i main.obj
 0001:00033480       ?_Eos@?$basic_string@DU?$char_traits@D@std@@V?$allocator@D@2@@std@@AEAAX_K@Z 0000000140034480 f i main.obj
 0001:00033500       ?_Eos@?$basic_string@_WU?$char_traits@_W@std@@V?$allocator@_W@2@@std@@AEAAX_K@Z 0000000140034500 f i main.obj
 0001:00033580       ?_Erase_noexcept@?$basic_string@DU?$char_traits@D@std@@V?$allocator@D@2@@std@@AEAAAEAV12@_K_K@Z 0000000140034580 f i main.obj
 0001:00033680       ?_Get_first@?$_Compressed_pair@U?$default_delete@V_Facet_base@std@@@std@@PEAV_Facet_base@2@$00@std@@QEAAAEAU?$default_delete@V_Facet_base@std@@@2@XZ 0000000140034680 f i main.obj
 0001:00033690       ?_Get_first@?$_Compressed_pair@V?$allocator@D@std@@V?$_String_val@U?$_Simple_types@D@std@@@2@$00@std@@QEAAAEAV?$allocator@D@2@XZ 0000000140034690 f i main.obj
 0001:000336a0       ?_Get_first@?$_Compressed_pair@V?$allocator@D@std@@V?$_String_val@U?$_Simple_types@D@std@@@2@$00@std@@QEBAAEBV?$allocator@D@2@XZ 00000001400346a0 f i main.obj
 0001:000336b0       ?_Get_first@?$_Compressed_pair@V?$allocator@V?$basic_string@DU?$char_traits@D@std@@V?$allocator@D@2@@std@@@std@@V?$_Vector_val@U?$_Simple_types@V?$basic_string@DU?$char_traits@D@std@@V?$allocator@D@2@@std@@@std@@@2@$00@std@@QEAAAEAV?$allocator@V?$basic_string@DU?$char_traits@D@std@@V?$allocator@D@2@@std@@@2@XZ 00000001400346b0 f i main.obj
 0001:000336c0       ?_Get_first@?$_Compressed_pair@V?$allocator@V?$basic_string@DU?$char_traits@D@std@@V?$allocator@D@2@@std@@@std@@V?$_Vector_val@U?$_Simple_types@V?$basic_string@DU?$char_traits@D@std@@V?$allocator@D@2@@std@@@std@@@2@$00@std@@QEBAAEBV?$allocator@V?$basic_string@DU?$char_traits@D@std@@V?$allocator@D@2@@std@@@2@XZ 00000001400346c0 f i main.obj
 0001:000336d0       ?_Get_first@?$_Compressed_pair@V?$allocator@V?$vector@V?$basic_string@DU?$char_traits@D@std@@V?$allocator@D@2@@std@@V?$allocator@V?$basic_string@DU?$char_traits@D@std@@V?$allocator@D@2@@std@@@2@@std@@@std@@V?$_Vector_val@U?$_Simple_types@V?$vector@V?$basic_string@DU?$char_traits@D@std@@V?$allocator@D@2@@std@@V?$allocator@V?$basic_string@DU?$char_traits@D@std@@V?$allocator@D@2@@std@@@2@@std@@@std@@@2@$00@std@@QEAAAEAV?$allocator@V?$vector@V?$basic_string@DU?$char_traits@D@std@@V?$allocator@D@2@@std@@V?$allocator@V?$basic_string@DU?$char_traits@D@std@@V?$allocator@D@2@@std@@@2@@std@@@2@XZ 00000001400346d0 f i main.obj
 0001:000336e0       ?_Get_first@?$_Compressed_pair@V?$allocator@V?$vector@V?$basic_string@DU?$char_traits@D@std@@V?$allocator@D@2@@std@@V?$allocator@V?$basic_string@DU?$char_traits@D@std@@V?$allocator@D@2@@std@@@2@@std@@@std@@V?$_Vector_val@U?$_Simple_types@V?$vector@V?$basic_string@DU?$char_traits@D@std@@V?$allocator@D@2@@std@@V?$allocator@V?$basic_string@DU?$char_traits@D@std@@V?$allocator@D@2@@std@@@2@@std@@@std@@@2@$00@std@@QEBAAEBV?$allocator@V?$vector@V?$basic_string@DU?$char_traits@D@std@@V?$allocator@D@2@@std@@V?$allocator@V?$basic_string@DU?$char_traits@D@std@@V?$allocator@D@2@@std@@@2@@std@@@2@XZ 00000001400346e0 f i main.obj
 0001:000336f0       ?_Get_first@?$_Compressed_pair@V?$allocator@_W@std@@V?$_String_val@U?$_Simple_types@_W@std@@@2@$00@std@@QEAAAEAV?$allocator@_W@2@XZ 00000001400346f0 f i main.obj
 0001:00033700       ?_Get_first@?$_Compressed_pair@V?$allocator@_W@std@@V?$_String_val@U?$_Simple_types@_W@std@@@2@$00@std@@QEBAAEBV?$allocator@_W@2@XZ 0000000140034700 f i main.obj
 0001:00033710       ?_Getal@?$basic_string@DU?$char_traits@D@std@@V?$allocator@D@2@@std@@AEAAAEAV?$allocator@D@2@XZ 0000000140034710 f i main.obj
 0001:00033740       ?_Getal@?$basic_string@DU?$char_traits@D@std@@V?$allocator@D@2@@std@@AEBAAEBV?$allocator@D@2@XZ 0000000140034740 f i main.obj
 0001:00033770       ?_Getal@?$basic_string@_WU?$char_traits@_W@std@@V?$allocator@_W@2@@std@@AEAAAEAV?$allocator@_W@2@XZ 0000000140034770 f i main.obj
 0001:000337a0       ?_Getal@?$basic_string@_WU?$char_traits@_W@std@@V?$allocator@_W@2@@std@@AEBAAEBV?$allocator@_W@2@XZ 00000001400347a0 f i main.obj
 0001:000337d0       ?_Getal@?$vector@V?$basic_string@DU?$char_traits@D@std@@V?$allocator@D@2@@std@@V?$allocator@V?$basic_string@DU?$char_traits@D@std@@V?$allocator@D@2@@std@@@2@@std@@AEAAAEAV?$allocator@V?$basic_string@DU?$char_traits@D@std@@V?$allocator@D@2@@std@@@2@XZ 00000001400347d0 f i main.obj
 0001:00033800       ?_Getal@?$vector@V?$basic_string@DU?$char_traits@D@std@@V?$allocator@D@2@@std@@V?$allocator@V?$basic_string@DU?$char_traits@D@std@@V?$allocator@D@2@@std@@@2@@std@@AEBAAEBV?$allocator@V?$basic_string@DU?$char_traits@D@std@@V?$allocator@D@2@@std@@@2@XZ 0000000140034800 f i main.obj
 0001:00033830       ?_Getal@?$vector@V?$vector@V?$basic_string@DU?$char_traits@D@std@@V?$allocator@D@2@@std@@V?$allocator@V?$basic_string@DU?$char_traits@D@std@@V?$allocator@D@2@@std@@@2@@std@@V?$allocator@V?$vector@V?$basic_string@DU?$char_traits@D@std@@V?$allocator@D@2@@std@@V?$allocator@V?$basic_string@DU?$char_traits@D@std@@V?$allocator@D@2@@std@@@2@@std@@@2@@std@@AEAAAEAV?$allocator@V?$vector@V?$basic_string@DU?$char_traits@D@std@@V?$allocator@D@2@@std@@V?$allocator@V?$basic_string@DU?$char_traits@D@std@@V?$allocator@D@2@@std@@@2@@std@@@2@XZ 0000000140034830 f i main.obj
 0001:00033860       ?_Getal@?$vector@V?$vector@V?$basic_string@DU?$char_traits@D@std@@V?$allocator@D@2@@std@@V?$allocator@V?$basic_string@DU?$char_traits@D@std@@V?$allocator@D@2@@std@@@2@@std@@V?$allocator@V?$vector@V?$basic_string@DU?$char_traits@D@std@@V?$allocator@D@2@@std@@V?$allocator@V?$basic_string@DU?$char_traits@D@std@@V?$allocator@D@2@@std@@@2@@std@@@2@@std@@AEBAAEBV?$allocator@V?$vector@V?$basic_string@DU?$char_traits@D@std@@V?$allocator@D@2@@std@@V?$allocator@V?$basic_string@DU?$char_traits@D@std@@V?$allocator@D@2@@std@@@2@@std@@@2@XZ 0000000140034860 f i main.obj
 0001:00033890       ?_Getfacet@locale@std@@QEBAPEBVfacet@12@_K@Z 0000000140034890 f i main.obj
 0001:00033960       ?_Init@?$basic_filebuf@DU?$char_traits@D@std@@@std@@IEAAXPEAU_iobuf@@W4_Initfl@12@@Z 0000000140034960 f i main.obj
 0001:00033ae0       ?_Initcvt@?$basic_filebuf@DU?$char_traits@D@std@@@std@@IEAAXAEBV?$codecvt@DDU_Mbstatet@@@2@@Z 0000000140034ae0 f i main.obj
 0001:00033b50       ?_Large_string_engaged@?$_String_val@U?$_Simple_types@D@std@@@std@@QEBA_NXZ 0000000140034b50 f i main.obj
 0001:00033b90       ?_Large_string_engaged@?$_String_val@U?$_Simple_types@_W@std@@@std@@QEBA_NXZ 0000000140034b90 f i main.obj
 0001:00033bd0       ?_Lock@?$basic_filebuf@DU?$char_traits@D@std@@@std@@UEAAXXZ 0000000140034bd0 f i main.obj
 0001:00033c10       ?_Make_ec@std@@YA?AVerror_code@1@W4__std_win_error@@@Z 0000000140034c10 f i main.obj
 0001:00033c50       ?_Makestr@_System_error@std@@CA?AV?$basic_string@DU?$char_traits@D@std@@V?$allocator@D@2@@2@Verror_code@2@V32@@Z 0000000140034c50 f i main.obj
 0001:00033d70       ?_Maklocwcs@std@@YAPEA_WPEB_W@Z 0000000140034d70 f i main.obj
 0001:00033df0       ?_Memcpy_val_from@?$basic_string@DU?$char_traits@D@std@@V?$allocator@D@2@@std@@AEAAXAEBV12@@Z 0000000140034df0 f i main.obj
 0001:00033e50       ?_Myptr@?$_String_val@U?$_Simple_types@D@std@@@std@@QEAAPEADXZ 0000000140034e50 f i main.obj
 0001:00033ea0       ?_Myptr@?$_String_val@U?$_Simple_types@D@std@@@std@@QEBAPEBDXZ 0000000140034ea0 f i main.obj
 0001:00033ef0       ?_Myptr@?$_String_val@U?$_Simple_types@_W@std@@@std@@QEAAPEA_WXZ 0000000140034ef0 f i main.obj
 0001:00033f40       ?_Myptr@?$_String_val@U?$_Simple_types@_W@std@@@std@@QEBAPEB_WXZ 0000000140034f40 f i main.obj
 0001:00033f90       ?_Orphan_all@_Container_base0@std@@QEAAXXZ 0000000140034f90 f i main.obj
 0001:00033fa0       ?_Orphan_range@?$vector@V?$basic_string@DU?$char_traits@D@std@@V?$allocator@D@2@@std@@V?$allocator@V?$basic_string@DU?$char_traits@D@std@@V?$allocator@D@2@@std@@@2@@std@@AEBAXPEAV?$basic_string@DU?$char_traits@D@std@@V?$allocator@D@2@@2@0@Z 0000000140034fa0 f i main.obj
 0001:00033fc0       ?_Orphan_range@?$vector@V?$vector@V?$basic_string@DU?$char_traits@D@std@@V?$allocator@D@2@@std@@V?$allocator@V?$basic_string@DU?$char_traits@D@std@@V?$allocator@D@2@@std@@@2@@std@@V?$allocator@V?$vector@V?$basic_string@DU?$char_traits@D@std@@V?$allocator@D@2@@std@@V?$allocator@V?$basic_string@DU?$char_traits@D@std@@V?$allocator@D@2@@std@@@2@@std@@@2@@std@@AEBAXPEAV?$vector@V?$basic_string@DU?$char_traits@D@std@@V?$allocator@D@2@@std@@V?$allocator@V?$basic_string@DU?$char_traits@D@std@@V?$allocator@D@2@@std@@@2@@2@0@Z 0000000140034fc0 f i main.obj
 0001:00033fe0       ?_Pretty_message@filesystem_error@filesystem@std@@CA?AV?$basic_string@DU?$char_traits@D@std@@V?$allocator@D@2@@3@V?$basic_string_view@DU?$char_traits@D@std@@@3@AEBVpath@23@1@Z 0000000140034fe0 f i main.obj
 0001:00034370       ?_Release@?$_Uninitialized_backout_al@V?$allocator@V?$basic_string@DU?$char_traits@D@std@@V?$allocator@D@2@@std@@@std@@@std@@QEAAPEAV?$basic_string@DU?$char_traits@D@std@@V?$allocator@D@2@@2@XZ 0000000140035370 f i main.obj
[...]
 0003:00002698       $SG141333                  000000014008c698     glad.obj
 0003:000026b0       $SG141334                  000000014008c6b0     glad.obj
 0003:000026c8       $SG141335                  000000014008c6c8     glad.obj
 0003:000026e0       $SG141336                  000000014008c6e0     glad.obj
 0003:000026f8       $SG141337                  000000014008c6f8     glad.obj
 0003:00002710       $SG141338                  000000014008c710     glad.obj
 0003:00002728       $SG141339                  000000014008c728     glad.obj
 0003:00002740       $SG141340                  000000014008c740     glad.obj
 0003:00002758       $SG141341                  000000014008c758     glad.obj
 0003:00002770       $SG141342                  000000014008c770     glad.obj
 0003:00002788       $SG141343                  000000014008c788     glad.obj
 0003:000027a0       $SG141344                  000000014008c7a0     glad.obj
 0003:000027b8       $SG141345                  000000014008c7b8     glad.obj
 0003:000027d0       $SG141346                  000000014008c7d0     glad.obj
 0003:000027e8       $SG141347                  000000014008c7e8     glad.obj
 0003:00002800       $SG141359                  000000014008c800     glad.obj
 0003:00002818       $SG141360                  000000014008c818     glad.obj
 0003:00002830       $SG141361                  000000014008c830     glad.obj
 0003:00002848       $SG141362                  000000014008c848     glad.obj
 0003:00002860       $SG141363                  000000014008c860     glad.obj
 0003:00002878       $SG141364                  000000014008c878     glad.obj
 0003:00002890       $SG141454                  000000014008c890     glad.obj
 0003:000028a0       $SG141455                  000000014008c8a0     glad.obj
 0003:000028b0       $SG141456                  000000014008c8b0     glad.obj
 0003:000028c0       $SG141457                  000000014008c8c0     glad.obj
 0003:000028d0       $SG141458                  000000014008c8d0     glad.obj
 0003:000028e0       $SG141459                  000000014008c8e0     glad.obj
 0003:000028f0       $SG141460                  000000014008c8f0     glad.obj
 0003:00002910       $SG141461                  000000014008c910     glad.obj
 0003:00002928       $SG141462                  000000014008c928     glad.obj
 0003:00002940       $SG141463                  000000014008c940     glad.obj
 0003:00002958       $SG141464                  000000014008c958     glad.obj
 0003:00002978       $SG141465                  000000014008c978     glad.obj
 0003:00002998       $SG141466                  000000014008c998     glad.obj
 0003:000029a8       $SG141467                  000000014008c9a8     glad.obj
 0003:000029c8       $SG141468                  000000014008c9c8     glad.obj
 0003:000029e0       $SG141469                  000000014008c9e0     glad.obj
 0003:000029f8       $SG141470                  000000014008c9f8     glad.obj
 0003:00002a10       $SG141471                  000000014008ca10     glad.obj
 0003:00002a28       $SG141472                  000000014008ca28     glad.obj
 0003:00002a40       $SG141473                  000000014008ca40     glad.obj
 0003:00002a58       $SG141474                  000000014008ca58     glad.obj
 0003:00002a70       $SG141475                  000000014008ca70     glad.obj
 0003:00002a88       $SG141476                  000000014008ca88     glad.obj
 0003:00002aa0       $SG141477                  000000014008caa0     glad.obj
 0003:00002ab8       $SG141478                  000000014008cab8     glad.obj
 0003:00002ad0       $SG141479                  000000014008cad0     glad.obj
 0003:00002ae8       $SG141480                  000000014008cae8     glad.obj
 0003:00002b00       $SG141481                  000000014008cb00     glad.obj
 0003:00002b18       $SG141482                  000000014008cb18     glad.obj
 0003:00002b30       $SG141483                  000000014008cb30     glad.obj
 0003:00002b48       $SG141484                  000000014008cb48     glad.obj
 0003:00002b60       $SG141485                  000000014008cb60     glad.obj
 0003:00002b78       $SG141486                  000000014008cb78     glad.obj
 0003:00002b90       $SG141487                  000000014008cb90     glad.obj
 0003:00002ba8       $SG141488                  000000014008cba8     glad.obj
 0003:00002bc0       $SG141489                  000000014008cbc0     glad.obj
 0003:00002bd8       $SG141490                  000000014008cbd8     glad.obj
 0003:00002bf0       $SG141491                  000000014008cbf0     glad.obj
 0003:00002c08       $SG141492                  000000014008cc08     glad.obj
 0003:00002c18       $SG141493                  000000014008cc18     glad.obj
 0003:00002c30       $SG141494                  000000014008cc30     glad.obj
 0003:00002c48       $SG141495                  000000014008cc48     glad.obj
 0003:00002c58       $SG141496                  000000014008cc58     glad.obj
 0003:00002c68       $SG141497                  000000014008cc68     glad.obj
 0003:00002c78       $SG141498                  000000014008cc78     glad.obj
 0003:00002c88       $SG141499                  000000014008cc88     glad.obj
 0003:00002c98       $SG141500                  000000014008cc98     glad.obj
 0003:00002ca8       $SG141501                  000000014008cca8     glad.obj
 0003:00002cb8       $SG141502                  000000014008ccb8     glad.obj
 0003:00002cc8       $SG141503                  000000014008ccc8     glad.obj
 0003:00002ce0       $SG141504                  000000014008cce0     glad.obj
 0003:00002cf8       $SG141505                  000000014008ccf8     glad.obj
 0003:00002d10       $SG141506                  000000014008cd10     glad.obj
 0003:00002d28       $SG141507                  000000014008cd28     glad.obj
 0003:00002d38       $SG141508                  000000014008cd38     glad.obj
 0003:00002d50       $SG141509                  000000014008cd50     glad.obj
 0003:00002d60       $SG141510                  000000014008cd60     glad.obj
 0003:00002d70       $SG141511                  000000014008cd70     glad.obj
 0003:00002d80       $SG141512                  000000014008cd80     glad.obj
 0003:00002d98       $SG141513                  000000014008cd98     glad.obj
 0003:00002db0       $SG141514                  000000014008cdb0     glad.obj
 0003:00002dc8       $SG141515                  000000014008cdc8     glad.obj
 0003:00002de0       $SG141516                  000000014008cde0     glad.obj
 0003:00002df8       $SG141517                  000000014008cdf8     glad.obj
 0003:00002e18       $SG141518                  000000014008ce18     glad.obj
 0003:00002e28       $SG141519                  000000014008ce28     glad.obj
 0003:00002e40       $SG141520                  000000014008ce40     glad.obj
 0003:00002e58       $SG141521                  000000014008ce58     glad.obj
 0003:00002e70       $SG141522                  000000014008ce70     glad.obj
 0003:00002e90       $SG141523                  000000014008ce90     glad.obj
 0003:00002ea8       $SG141524                  000000014008cea8     glad.obj
 0003:00002ec0       $SG141525                  000000014008cec0     glad.obj
 0003:00002ed8       $SG141526                  000000014008ced8     glad.obj
 0003:00002ef8       $SG141527                  000000014008cef8     glad.obj
 0003:00002f20       $SG141528                  000000014008cf20     glad.obj
 0003:00002f38       $SG141529                  000000014008cf38     glad.obj
 0003:00002f50       $SG141530                  000000014008cf50     glad.obj
 0003:00002f78       $SG141531                  000000014008cf78     glad.obj
 0003:00002f98       $SG141532                  000000014008cf98     glad.obj
 0003:00002fb0       $SG141533                  000000014008cfb0     glad.obj
 0003:00002fd0       $SG141534                  000000014008cfd0     glad.obj
 0003:00002fe8       $SG141535                  000000014008cfe8     glad.obj
 0003:00003000       $SG141536                  000000014008d000     glad.obj
 0003:00003018       $SG141537                  000000014008d018     glad.obj
 0003:00003028       $SG141558                  000000014008d028     glad.obj
 0003:00003040       $SG141559                  000000014008d040     glad.obj
 0003:00003058       $SG141560                  000000014008d058     glad.obj
 0003:00003068       $SG141561                  000000014008d068     glad.obj
 0003:00003080       $SG141562                  000000014008d080     glad.obj
 0003:00003098       $SG141563                  000000014008d098     glad.obj
 0003:000030b0       $SG141564                  000000014008d0b0     glad.obj
 0003:000030c8       $SG141565                  000000014008d0c8     glad.obj
 0003:000030e0       $SG141566                  000000014008d0e0     glad.obj
 0003:000030f8       $SG141567                  000000014008d0f8     glad.obj
 0003:00003118       $SG141568                  000000014008d118     glad.obj
 0003:00003138       $SG141569                  000000014008d138     glad.obj
 0003:00003150       $SG141570                  000000014008d150     glad.obj
 0003:00003168       $SG141571                  000000014008d168     glad.obj
 0003:00003180       $SG141572                  000000014008d180     glad.obj
 0003:00003190       $SG141597                  000000014008d190     glad.obj
 0003:000031b0       $SG141598                  000000014008d1b0     glad.obj
 0003:000031d0       $SG141599                  000000014008d1d0     glad.obj
 0003:000031f8       $SG141600                  000000014008d1f8     glad.obj
 0003:00003218       $SG141601                  000000014008d218     glad.obj
 0003:00003230       $SG141602                  000000014008d230     glad.obj
 0003:00003240       $SG141603                  000000014008d240     glad.obj
 0003:00003250       $SG141604                  000000014008d250     glad.obj
 0003:00003260       $SG141605                  000000014008d260     glad.obj
 0003:00003278       $SG141606                  000000014008d278     glad.obj
 0003:00003288       $SG141607                  000000014008d288     glad.obj
 0003:00003298       $SG141608                  000000014008d298     glad.obj
 0003:000032a8       $SG141609                  000000014008d2a8     glad.obj
 0003:000032c0       $SG141610                  000000014008d2c0     glad.obj
 0003:000032e0       $SG141611                  000000014008d2e0     glad.obj
 0003:000032f8       $SG141612                  000000014008d2f8     glad.obj
 0003:00003310       $SG141613                  000000014008d310     glad.obj
 0003:00003328       $SG141614                  000000014008d328     glad.obj
 0003:00003340       $SG141615                  000000014008d340     glad.obj
 0003:00003350       $SG141679                  000000014008d350     glad.obj
 0003:00003370       $SG141680                  000000014008d370     glad.obj
 0003:00003388       $SG141681                  000000014008d388     glad.obj
 0003:00003398       $SG141682                  000000014008d398     glad.obj
 0003:000033b0       $SG141683                  000000014008d3b0     glad.obj
 0003:000033c0       $SG141684                  000000014008d3c0     glad.obj
 0003:000033d0       $SG141685                  000000014008d3d0     glad.obj
 0003:000033e8       $SG141686                  000000014008d3e8     glad.obj
 0003:00003400       $SG141687                  000000014008d400     glad.obj
 0003:00003418       $SG141688                  000000014008d418     glad.obj
 0003:00003430       $SG141689                  000000014008d430     glad.obj
 0003:00003448       $SG141690                  000000014008d448     glad.obj
 0003:00003460       $SG141691                  000000014008d460     glad.obj
 0003:00003478       $SG141692                  000000014008d478     glad.obj
 0003:00003498       $SG141693                  000000014008d498     glad.obj
 0003:000034b0       $SG141694                  000000014008d4b0     glad.obj
 0003:000034d0       $SG141695                  000000014008d4d0     glad.obj
 0003:000034e0       $SG141696                  000000014008d4e0     glad.obj
 0003:000034f8       $SG141697                  000000014008d4f8     glad.obj
 0003:00003510       $SG141698                  000000014008d510     glad.obj
 0003:00003528       $SG141699                  000000014008d528     glad.obj
 0003:00003540       $SG141700                  000000014008d540     glad.obj
 0003:00003558       $SG141701                  000000014008d558     glad.obj
 0003:00003570       $SG141702                  000000014008d570     glad.obj
 0003:00003588       $SG141703                  000000014008d588     glad.obj
 0003:000035a0       $SG141704                  000000014008d5a0     glad.obj
 0003:000035b8       $SG141705                  000000014008d5b8     glad.obj
 0003:000035d0       $SG141706                  000000014008d5d0     glad.obj
 0003:000035e8       $SG141707                  000000014008d5e8     glad.obj
 0003:000035f8       $SG141708                  000000014008d5f8     glad.obj
 0003:00003608       $SG141709                  000000014008d608     glad.obj
 0003:00003618       $SG141710                  000000014008d618     glad.obj
 0003:00003628       $SG141711                  000000014008d628     glad.obj
 0003:00003638       $SG141712                  000000014008d638     glad.obj
 0003:00003648       $SG141713                  000000014008d648     glad.obj
 0003:00003658       $SG141714                  000000014008d658     glad.obj
 0003:00003668       $SG141715                  000000014008d668     glad.obj
 0003:00003678       $SG141716                  000000014008d678     glad.obj
 0003:00003688       $SG141717                  000000014008d688     glad.obj
 0003:00003698       $SG141718                  000000014008d698     glad.obj
 0003:000036a8       $SG141719                  000000014008d6a8     glad.obj
 0003:000036b8       $SG141720                  000000014008d6b8     glad.obj
 0003:000036c8       $SG141721                  000000014008d6c8     glad.obj
 0003:000036e0       $SG141722                  000000014008d6e0     glad.obj
 0003:000036f8       $SG141723                  000000014008d6f8     glad.obj
 0003:00003710       $SG141724                  000000014008d710     glad.obj
 0003:00003728       $SG141725                  000000014008d728     glad.obj
 0003:00003740       $SG141726                  000000014008d740     glad.obj
 0003:00003758       $SG141727                  000000014008d758     glad.obj
 0003:00003770       $SG141728                  000000014008d770     glad.obj
 0003:00003788       $SG141729                  000000014008d788     glad.obj
 0003:00003798       $SG141730                  000000014008d798     glad.obj
 0003:000037a8       $SG141731                  000000014008d7a8     glad.obj
 0003:000037b8       $SG141732                  000000014008d7b8     glad.obj
 0003:000037c8       $SG141733                  000000014008d7c8     glad.obj
 0003:000037d8       $SG141734                  000000014008d7d8     glad.obj
 0003:000037e8       $SG141735                  000000014008d7e8     glad.obj
 0003:00003800       $SG141736                  000000014008d800     glad.obj
 0003:00003818       $SG141757                  000000014008d818     glad.obj
 0003:00003828       $SG141759                  000000014008d828     glad.obj
 0003:00003838       $SG141761                  000000014008d838     glad.obj
 0003:00003848       $SG141773                  000000014008d848     glad.obj
 0003:00004370       _glfwInitHints             000000014008e370     glfw3:init.obj
 0003:00005130       _glfwObjectDataFormats     000000014008f130     glfw3:win32_joystick.obj
 0003:00005e30       ?stbi__vertically_flip_on_load_global@@3HA 000000014008fe30     main.obj
 0003:00005e34       ?stbi__unpremultiply_on_load_global@@3HA 000000014008fe34     main.obj
 0003:00005e38       ?stbi__de_iphone_flag_global@@3HA 000000014008fe38     main.obj
 0003:00007538       libGL                      0000000140091538     glad.obj
 0003:00007540       gladGetProcAddressPtr      0000000140091540     glad.obj
 0003:00007548       max_loaded_major           0000000140091548     glad.obj
 0003:0000754c       max_loaded_minor           000000014009154c     glad.obj
 0003:00007550       exts                       0000000140091550     glad.obj
 0003:00007558       num_exts_i                 0000000140091558     glad.obj
 0003:00007560       exts_i                     0000000140091560     glad.obj
 0003:0000a0f8       _glfwErrorCallback         00000001400940f8     glfw3:init.obj
 0003:0000a100       _glfwMainThreadError       0000000140094100     glfw3:init.obj
 0003:0000adb0       GS_ExceptionRecord         0000000140094db0     msvcrt:gs_report.obj
 0003:0000ae50       GS_ContextRecord           0000000140094e50     msvcrt:gs_report.obj
 0003:0000b448       ?is_initialized_as_dll@@3_NA 0000000140095448     msvcrt:utility.obj
 0003:0000b449       ?module_local_atexit_table_initialized@@3_NA 0000000140095449     msvcrt:utility.obj
 0003:0000b450       ?module_local_atexit_table@@3U_onexit_table_t@@A 0000000140095450     msvcrt:utility.obj
 0003:0000b468       ?module_local_at_quick_exit_table@@3U_onexit_table_t@@A 0000000140095468     msvcrt:utility.obj
 0003:0000b4d0       ?_Fac_head@std@@3PEAU_Fac_node@1@EA 00000001400954d0     msvcprt:locale0_implib.obj
 0003:0000b4d8       ?_Fac_tidy_reg@std@@3U_Fac_tidy_reg_t@1@B 00000001400954d8     msvcprt:locale0_implib.obj
 0005:00002638       .idata$6                   000000014009d638     assimp-vc143-mt:assimp-vc143-mt.dll
 0005:00002c00       .idata$6                   000000014009dc00     user32:USER32.dll
 0005:00002cee       .idata$6                   000000014009dcee     gdi32:GDI32.dll
 0005:00002d3c       .idata$6                   000000014009dd3c     shell32:SHELL32.dll
 0005:00002de2       .idata$6                   000000014009dde2     vcruntime:VCRUNTIME140.dll
 0005:00002df4       .idata$6                   000000014009ddf4     vcruntime:VCRUNTIME140_1.dll
 0005:00003de4       .idata$6                   000000014009ede4     msvcprt:MSVCP140.dll
 0005:00004374       .idata$6                   000000014009f374     kernel32:KERNEL32.dll
 0005:000047c4       .idata$6                   000000014009f7c4     ucrt:api-ms-win-crt-runtime-l1-1-0.dll
 0005:000047e6       .idata$6                   000000014009f7e6     ucrt:api-ms-win-crt-utility-l1-1-0.dll
 0005:00004808       .idata$6                   000000014009f808     ucrt:api-ms-win-crt-math-l1-1-0.dll
 0005:00004828       .idata$6                   000000014009f828     ucrt:api-ms-win-crt-heap-l1-1-0.dll
 0005:00004848       .idata$6                   000000014009f848     ucrt:api-ms-win-crt-convert-l1-1-0.dll
 0005:0000486a       .idata$6                   000000014009f86a     ucrt:api-ms-win-crt-stdio-l1-1-0.dll
 0005:0000488a       .idata$6                   000000014009f88a     ucrt:api-ms-win-crt-filesystem-l1-1-0.dll
 0005:000048b0       .idata$6                   000000014009f8b0     ucrt:api-ms-win-crt-string-l1-1-0.dll
 0005:000048d2       .idata$6                   000000014009f8d2     ucrt:api-ms-win-crt-locale-l1-1-0.dll
 0006:00000108       ?stbi__de_iphone_flag_set@@3HA 00000001400a0108     main.obj
 0006:0000010c       ?stbi__de_iphone_flag_local@@3HA 00000001400a010c     main.obj
 0006:00000110       ?stbi__unpremultiply_on_load_set@@3HA 00000001400a0110     main.obj
 0006:00000114       ?stbi__unpremultiply_on_load_local@@3HA 00000001400a0114     main.obj
 0006:00000118       ?stbi__vertically_flip_on_load_set@@3HA 00000001400a0118     main.obj
 0006:0000011c       ?stbi__vertically_flip_on_load_local@@3HA 00000001400a011c     main.obj
 0006:00000120       ?stbi__g_failure_reason@@3PEBDEB 00000001400a0120     main.obj
